--------- beginning of main
08-15 17:59:11.269 I/MiSensorServiceImpl( 2156): user found in check list, getPackageName  android.view.OrientationEventListener
08-15 17:59:11.270 I/PowerHalWrapper( 2156): amsBoostNotify pid:15661,activity:com.mipay.wallet._21255644, package:com.mipay.wallet, mProcessCreatePackcom.ljyh.mei 
--------- beginning of system
08-15 17:59:11.270 D/DisplayContentStubImpl( 2156): onNewImeFrame: isImeVisible = false, imeFrame = Rect(0, 0 - 0, 0)
08-15 17:59:11.270 I/PowerHalWrapper( 2156): state: 1 
08-15 17:59:11.270 D/BarFollowAnimation( 2156): pairAppearanceRegionAndWin win=Window{ff87729 u0 com.ljyh.mei/com.ljyh.mei.MainActivity} 8
08-15 17:59:11.271 D/BarFollowAnimation( 2156): isAppTaskBarOnTop win:Window{ff87729 u0 com.ljyh.mei/com.ljyh.mei.MainActivity} (mCurrentTopTask:Task{fc70580 #6511 type=standard A=10370:com.ljyh.mei} : true); (mAssociatedTask:Task{fc70580 #6511 type=standard A=10370:com.ljyh.mei} : true); (mHomeTask:Task{51db45c #1 type=home} : false); mReparentToOriginParent:false mLastAppBarVisible:true mLastHomeBarVisible:false
08-15 17:59:11.271 I/ScnModule( 2156): [GameDetection] requestedPermissions1/2:: com.mipay.wallet:: [com.miui.tsmclient.permission.CTA_CONFIRM, android.permission.CALL_PHONE, com.mipay.wallet.permission.MIPUSH_RECEIVE, android.permission.INTERACT_ACROSS_USERS, com.xiaomi.security.permission.ACCESS_XSOF, com.android.launcher.permission.READ_SETTINGS, com.android.launcher.permission.WRITE_SETTINGS, com.android.launcher.permission.INSTALL_SHORTCUT, android.permission.READ_CALENDAR, android.permission.WRITE_CALENDAR, android.permission.USE_FINGERPRINT, android.permission.GET_ACCOUNTS, android.permission.MANAGE_ACCOUNTS, android.permission.USE_CREDENTIALS, android.permission.AUTHENTICATE_ACCOUNTS, com.miui.tsmclient.permission.TSM_GROUP, android.permission.POST_NOTIFICATIONS, android.permission.NFC, miui.permission.READ_STEPS, android.permission.ACTIVITY_RECOGNITION, com.miui.voiceassist.AI_WEB_ACTIVITY, android.permission.REORDER_TASKS, android.permission.VIBRATE, miui.cloud.finddevice.ManageFindDevice, miui.cloud.finddevice.AccessFindDevice, com.fingerprints.service.ACCESS_FINGERPRINT_MANAGER, android.permission.CAMERA, android.permission.INTERNET, android.permission.ACCESS_NETWORK_STATE, android.permission.ACCESS_WIFI_STATE, android.permission.READ_MEDIA_IMAGES, android.permission.READ_CONTACTS, com.miui.tsmclient.permission.CALL_PUBLIC_TSM_FEATURE_SERVICE, com.xiaomi.permission.CLOUD_MANAGER, android.permission.ACCESS_LOCATION_EXTRA_COMMANDS, android.permission.ACCESS_FINE_LOCATION, android.permission.ACCESS_COARSE_LOCATION, android.permission.DOWNLOAD_WITHOUT_NOTIFICATION, android.permission.QUERY_ALL_PACKAGES, android.permission.RECORD_AUDIO, android.permission.MODIFY_AUDIO_SETTINGS, android.permission.READ_MEDIA_AUDIO, android.permission.READ_MEDIA_VIDEO, android.permission.SCHEDULE_EXACT_ALARM, android.permission.REQUEST_INSTALL_PACKAGES, android.permission.FLASHLIGHT, android.permission.READ_SMS, android.permission.SYSTEM_ALERT_WINDOW, android.permission.CHANGE_DEVICE_IDLE_TEMP_WHITELIST, android.permission.CHANGE_NETWORK_STATE] 
08-15 17:59:11.272 D/MiuiRefreshRatePolicy( 2156): reset
08-15 17:59:11.272 I/ScnModule( 2156): [GameDetection] requestedPermissions2/2:: com.mipay.wallet:: [org.simalliance.openmobileapi.SMARTCARD, android.permission.REQUEST_IGNORE_BATTERY_OPTIMIZATIONS, android.permission.INTERACT_ACROSS_USERS_FULL, android.permission.WAKE_LOCK, com.mipay.wallet.DYNAMIC_RECEIVER_NOT_EXPORTED_PERMISSION, org.mipay.android.manager.Fingerprint_payment, android.permission.READ_MEDIA_VISUAL_USER_SELECTED] 
08-15 17:59:11.273 I/ScnModule( 2156): [GameDetection] numOfPermissiom:: com.mipay.wallet:: 57 
08-15 17:59:11.278 W/InsetsSource(15661): Has no intersection or mTmpFrame.height(), return Insets.NONE mTmpFrame.height() =0 hasIntersection =false
08-15 17:59:11.278 W/InsetsSource(15661): Has no intersection or mTmpFrame.height(), return Insets.NONE mTmpFrame.height() =0 hasIntersection =false
08-15 17:59:11.278 W/InsetsSource(15661): Has no intersection or mTmpFrame.height(), return Insets.NONE mTmpFrame.height() =0 hasIntersection =false
08-15 17:59:11.279 I/ScnModule( 2156): [GameDetection] nativeLibs1/2:: com.mipay.wallet:: [libreact_render_componentregistry.so, libfacedevice.so, libturingmfa.so, libreact_render_scheduler.so, libruntimeexecutor.so, libyoga.so, libreact_newarchdefaults.so, libfin_doc.so, libjsinspector.so, libkyctoolkit.so, libreactperfloggerjni.so, libglog_init.so, libweconvert.so, libfabricjni.so, libeidjni.so, libzkfv_tj.so, libreact_render_core.so, libclientalg.so, librrc_scrollview.so, libreact_render_textlayoutmanager.so, libjsi.so, libmapbufferjni.so, libreact_render_graphics.so, libnative-filters.so, libMegviiLicenseManager-0.3.1.so, libapp.so, libmegface.ocr.identify.so, libmessageCryptoKit.so, libIDVMNN.so, libreact_render_mapbuffer.so, libaliyunaf.so, librrc_textinput.so, librrc_legacyviewmanagerinterop.so, libfbjni.so, libreact_render_attributedstring.so, libreact_debug.so, libglide-webp.so, libdexvmp.so, libreact_codegen_rncore.so, librrc_unimplementedview.so, liblogger.so, libv8android.so, librrc_image.so, libflutter.so, libYTImageRefinerPub.so, libtoyger.so, libcfcaMLog.so, libreact_render_telemetry.so, libfinIdentityUtils.so, libreact_render_leakchecker.so] 
08-15 17:59:11.279 I/ScnModule( 2156): [GameDetection] nativeLibs2/2:: com.mipay.wallet:: [libsdk_patcher_jni.so, libfb.so, libreact_config.so, libBankCardRecognizer.so, libweyuv.so, libreactnativeblob.so, libSipCryptor.so, libdatastore_shared_counter.so, libreact_utils.so, libmmkv.so, libreact_render_mounting.so, libreact_render_debug.so, libreact_nativemodule_core.so, libentryexpro.so, libc++_shared.so, librrc_view.so, libreact_render_imagemanager.so, libglog.so, libreact_render_templateprocessor.so, libyrnbridge.so, libidcard.so, libfolly_runtime.so, libreact_render_animations.so, libreact_render_uimanager.so, librrc_text.so, libreact_render_runtimescheduler.so, libreactnativejni.so, librrc_root.so, libYTCommonLiveness.so, libturbomodulejsijni.so, libnative-imagetranscoder.so, libimagepipeline.so] 
08-15 17:59:11.279 I/ScnModule( 2156): [GameDetection] inputPermissions:: com.mipay.wallet:: [1.0, 0.0, 0.0, 1.0, 1.0, 0.0, 0.0, 1.0, 0.0, 0.0, 1.0, 1.0, 1.0, 0.0, 1.0, 1.0, 0.0, 1.0, 0.0, 0.0, 0.0, 0.0, 1.0, 1.0, 1.0, 1.0, 0.0, 0.0, 1.0, 0.0, 1.0, 0.0, 0.0, 0.0, 0.0, 1.0, 0.0, 0.0, 0.0, 0.0, 0.0, 1.0, 1.0, 1.0, 1.0, 0.0, 0.0, 0.0, 1.0, 0.0, 1.0, 1.0, 0.0, 0.0, 0.0, 0.0, 1.0, 0.0, 1.0, 0.0, 1.0, 0.0, 0.0, 0.0, 1.0, 0.0, 0.0, 1.0, 0.0, 1.0, 0.0, 0.0, 1.0, 1.0, 1.0, 0.0, 0.0, 0.0, 0.0, 0.0, 0.0, 1.0, 0.0, 0.0, 0.0, 0.0, 0.0, 0.0, 0.0, 1.0, 0.0, 0.0, 0.0, 0.0, 0.0, 0.0, 0.0, 0.0, 0.0, 1.0, 0.0, 0.0, 0.0, 0.0, 0.0, 0.0, 0.0, 0.0, 1.0, 0.0, 0.0, 0.0, 0.0, 0.0, 0.0, 0.0, 1.0, 0.0, 0.0, 0.0, 0.0, 0.0, 0.0, 0.0, 0.0, 0.0, 0.0, 0.0, 0.0, 0.0, 1.0, 0.0, 0.0, 0.0, 0.0, 0.0, 0.0, 0.0, 0.0, 0.0, 0.0, 0.0, 0.0, 1.0, 0.0, 0.0, 1.0, 1.0, 0.0, 0.0, 0.0, 0.0, 0.0, 0.0, 0.0, 1.0, 0.0, 0.0, 0.0, 0.0, 0.0, 0.0, 0.0, 0.0, 0.0, 0.0, 0.0, 0.0, 0.0, 0.0, 0.0, 0.0, 0.0, 0.0, 0.0, 0.0, 0.0, 0.0, 0.0, 0.0, 0.0, 0.0, 0.0, 0.0, 0.0, 0.0, 0.0, 0.0, 0.0, 0.0, 0.0, 0.0, 0.0, 0.0, 0.0, 0.0, 0.0, 0.0, 0.0, 0.0] 
08-15 17:59:11.279 I/ScnModule( 2156): [GameDetection] inputGameFeature:: com.mipay.wallet:: [0.19244546, 0.0, 0.0, 0.0] 
08-15 17:59:11.279 I/ScnModule( 2156): [GameDetection] GamePredictor:: com.mipay.wallet:: nonGame:65.6646,isGame:-66.1906 
08-15 17:59:11.279 I/mtkpower_client( 2156): [PowerHal_Wrap_notifyAppState] com.mipay.wallet/com.mipay.wallet._21255644 pid=15661 activityId:-1 state:1
08-15 17:59:11.279 D/MAGT_SYNC_FRAME( 2156): MAGT App State [NOTIFY]: package = com.mipay.wallet, action = com.mipay.wallet._21255644, pid = 15661, state = 1, uid = 10279
08-15 17:59:11.280 I/vendor.mediatek.hardware.mtkpower_applist-service.mediatek( 1300): packName: com.mipay.wallet actName: com.mipay.wallet._21255644 pid: 15661 activityId: -1 uid: 10279 state: 1
08-15 17:59:11.280 I/PowerManagerServiceImpl( 2156): Partial wakeLock:[PARTIAL_WAKE_LOCK                 'MSF:WakeLock:kernel' DISABLED (uid=99910291 pid=2445 pkg=com.tencent.mobileqq)], disabled: false, procState: 10, reason: Process Priority
08-15 17:59:11.280 I/MTK_APPList( 1300): [notifyAPPstate] com.mipay.wallet/com.mipay.wallet._21255644, pid=15661, activityId=-1, uid=10279, mode:Normal state:RESUMED, fps:-1, win:1
08-15 17:59:11.280 I/MTK_APPList( 1300): [notifyAPPstate] multi_resumed_app_count: 3
08-15 17:59:11.280 I/MTK_APPList( 1300): [notifyAPPstate] multi_resumed_app_info[0] com.mipay.wallet/com.mipay.wallet._266351371, pid:15661, activityId:-1, fps:-1, isMultiWindow:0
08-15 17:59:11.280 I/MTK_APPList( 1300): [notifyAPPstate] multi_resumed_app_info[1] com.ljyh.mei/com.ljyh.mei.MainActivity, pid:2567, activityId:4946505, fps:-1, isMultiWindow:0
08-15 17:59:11.280 I/MTK_APPList( 1300): [notifyAPPstate] multi_resumed_app_info[2] com.mipay.wallet/com.mipay.wallet._21255644, pid:15661, activityId:-1, fps:-1, isMultiWindow:1
08-15 17:59:11.280 I/MTK_APPList( 1300): [getForegroundAPPCount] 2
08-15 17:59:11.280 I/MTK_APPList( 1300): [notifyAPPstate] foreground:com.mipay.wallet, pid:15661, activityId:-1, uid:10279
08-15 17:59:11.280 I/MTK_APPList( 1300): [notifyNetdUID] 10279
08-15 17:59:11.280 I/PowerHalWrapper( 2156): amsBoostNotify AMS_BOOST_PROCESS_CREATE_BOOST:true 
08-15 17:59:11.281 D/BufferQueueConsumer(15661): [](id:3d2d00000001,api:0,p:-1,c:15661) connect: controlledByApp=false
08-15 17:59:11.281 I/MTK_APPList( 1300): [notifyPID] 15661
08-15 17:59:11.281 D/BLASTBufferQueue(15661): [VRI[]#1](f:0,a:0) constructor()
08-15 17:59:11.282 I/libPowerHal( 1310): [perfSetSysInfo] pid type:24, 15661
08-15 17:59:11.283 D/VRI[]   (15661): vri.Setup new sync=wmsSync-VRI[]#28
08-15 17:59:11.285 I/MTK_APPList( 1300): [notifyAPPstate] pc:0, com.ljyh.mei => com.mipay.wallet
08-15 17:59:11.286 D/PackageManager( 2156): set app component=ComponentInfo{com.mipay.wallet/androidx.work.impl.background.systemalarm.RescheduleReceiver} enabled state: 1 from com.mipay.wallet,uid=10279,pid=15661
08-15 17:59:11.288 I/MiSensorServiceImpl( 2156): user found in check list, getPackageName  android.view.OrientationEventListener
08-15 17:59:11.289 E/HfLooper( 1284): sensor screen_down in hal data=1,1
08-15 17:59:11.291 D/BLASTBufferQueue(15661): [VRI[]#1](f:0,a:1) acquireNextBufferLocked size=1x1 mFrameNumber=1 applyTransaction=true mTimestamp=56404654253745(auto) mPendingTransactions.size=0 graphicBufferId=67263482822673 transform=0
08-15 17:59:11.291 D/VRI[]   (15661): vri.reportDrawFinished 0 0 Rect(1279, 2771 - 1280, 2772)
08-15 17:59:11.293 D/HWUI    (15661): [HWUI] Flag vulkan_enhance_pipeline_cache enabled
08-15 17:59:11.293 D/HWUI    (15661): [HWUI] EnhanceVkPipelineCache is enabled
08-15 17:59:11.293 D/HWUI    (15661): [HWUI] Flag ddre enabled
08-15 17:59:11.294 D/WindowManager( 2156): wms.finishDrawingLocked: mDrawState=COMMIT_DRAW_PENDING Window{69c6e5 u0 com.mipay.wallet} in Surface(name=#17988)/@0xdd4953f
08-15 17:59:11.294 D/DisplayContentStubImpl( 2156): onNewImeFrame: isImeVisible = false, imeFrame = Rect(0, 0 - 0, 0)
08-15 17:59:11.294 D/BarFollowAnimation( 2156): pairAppearanceRegionAndWin win=Window{ff87729 u0 com.ljyh.mei/com.ljyh.mei.MainActivity} 8
08-15 17:59:11.295 D/BarFollowAnimation( 2156): isAppTaskBarOnTop win:Window{ff87729 u0 com.ljyh.mei/com.ljyh.mei.MainActivity} (mCurrentTopTask:Task{fc70580 #6511 type=standard A=10370:com.ljyh.mei} : true); (mAssociatedTask:Task{fc70580 #6511 type=standard A=10370:com.ljyh.mei} : true); (mHomeTask:Task{51db45c #1 type=home} : false); mReparentToOriginParent:false mLastAppBarVisible:true mLastHomeBarVisible:false
08-15 17:59:11.296 D/MiuiRefreshRatePolicy( 2156): reset
08-15 17:59:11.296 D/WindowManager( 2156): wms.commitFinishDrawingLocked: mDrawState=READY_TO_SHOW Window{69c6e5 u0 com.mipay.wallet} in Surface(name=#17988)/@0xdd4953f
08-15 17:59:11.300 E/PowerInsightPolicy( 2156): sPowerInsightService null!
08-15 17:59:11.300 I/WindowManager( 2156): wms.showSurfaceRobustly mWin:Window{69c6e5 u0 com.mipay.wallet} in Surface(name=#17988)/@0xdd4953f
08-15 17:59:11.301 D/SmartWindowScenario( 2156): ENTER_FLOAT_WINDOW type:APPLICATION_OVERLAY uid:10279 pid:15661 processName:com.mipay.wallet pkgName:com.mipay.wallet refCount:1
08-15 17:59:11.301 D/IorapForwardingService( 2156): onScenarioChanged SMART_WINDOWS 9  true  Bundle[{pid=15661, uid=10279, mode=20, type=2038, pkg_name=com.mipay.wallet, process_name=com.mipay.wallet}]
08-15 17:59:11.308 I/MiSensorServiceImpl( 2156): user found in check list, getPackageName  android.view.OrientationEventListener
08-15 17:59:11.310 E/HwcComposer( 1409): presentOrValidateDisplay 0 presentFence:-1
08-15 17:59:11.320 I/system_server( 2156): AssetManager2(0xb4000074be0d66f8) locale list changing from [] to [zh-CN]
08-15 17:59:11.325 E/NotificationVibratorHelper( 2156): Error creating vibration waveform with pattern: [0]
08-15 17:59:11.325 E/NotificationVibratorHelper( 2156): Error creating vibration waveform with pattern: [0]
08-15 17:59:11.325 E/NotificationVibratorHelper( 2156): Error creating vibration waveform with pattern: [0]
08-15 17:59:11.325 E/NotificationVibratorHelper( 2156): Error creating vibration waveform with pattern: [0]
08-15 17:59:11.327 I/MiSensorServiceImpl( 2156): user found in check list, getPackageName  android.view.OrientationEventListener
08-15 17:59:11.328 E/HfLooper( 1284): sensor screen_down in hal data=1,1
08-15 17:59:11.330 E/NotificationVibratorHelper( 2156): Error creating vibration waveform with pattern: [0]
08-15 17:59:11.330 E/NotificationVibratorHelper( 2156): Error creating vibration waveform with pattern: [0]
08-15 17:59:11.333 I/android.hardware.graphics.composer@3.3-service( 1269): Sensor: notify citsensorservice to trigger cwb
08-15 17:59:11.334 I/libsensor-frameBufferManager( 1778): request dump start
08-15 17:59:11.334 D/libcomposer_ext( 1778): ClientImplAidl::getDispDumpEnable()
08-15 17:59:11.334 D/libcomposer_ext( 1269): DeviceImplAidl::syncPerform(13), client_handle: 2
08-15 17:59:11.334 D/libcomposer_ext( 1269): DeviceImplAidl::DeviceClientContextAidl::ParseGetDispDumpEnable()
08-15 17:59:11.334 I/hwcomposer( 1269): [HWC] getDispDumpEnable(), client(2), dpy 1, enable 1, (0,0,160,220), (160, 220), 3  
08-15 17:59:11.334 I/hwcomposer( 1269): [DRMDEV] isSupportWbParams(), id_crtc 116, id_connector 34, dump_point 0, src(0, 0, 160, 220), dst(160, 220), config 2  
08-15 17:59:11.334 I/hwcomposer( 1269): [DISP_DUMP] setEnable(), client(2), dpy(0), enable 1/0, src(0, 0, 160, 220), dst(160, 220), fmt 0x3  
08-15 17:59:11.334 I/hwcomposer( 1269): [HWC] getDispDumpEnable(), register to client callback with client(2), disp(0)  
08-15 17:59:11.334 E/libsensor-frameBufferManager( 1778): frameBufferManager_sensor_debug : first_time getDispDump Enable ret = 0
08-15 17:59:11.335 D/libcomposer_ext( 1778): ClientImplAidl::getDispDump(), dpy 1, dst (160, 220), dump_point 2, release_fence -1
08-15 17:59:11.335 D/HWUI    ( 2156): ImageDecoder_nDecodeBitmap: width = 351, height = 351, encodedFormat = 4
08-15 17:59:11.335 D/libcomposer_ext( 1269): DeviceImplAidl::syncPerform(14), client_handle: 2
08-15 17:59:11.335 D/libcomposer_ext( 1269): DeviceImplAidl::DeviceClientContextAidl::ParseGetDispDump()
08-15 17:59:11.335 D/libcomposer_ext( 1269): DeviceImplAidl::ParseGetDispDump(), dpy 1, dst (160, 220), dump_point 2
08-15 17:59:11.335 I/hwcomposer( 1269): [HWC] getDispDump(), client(2), dpy 1, (686,2,846,222), (160, 220), (2, 2), (-1), (-1), (0xb400007c738abd90)  
08-15 17:59:11.335 I/hwcomposer( 1269): [DRMDEV] isSupportWbParams(), id_crtc 116, id_connector 34, dump_point 2, src(686, 2, 160, 220), dst(160, 220), config 2  
08-15 17:59:11.335 I/hwcomposer( 1269): [DISP_DUMP] setDumpBuf(), client(2), dpy(0), src(686, 2, 846, 222), dst(160, 220), (2, 2), -1, (-1), (0xb400007c738abd90)  
08-15 17:59:11.335 I/hwcomposer( 1269): [HWC] (0)fire a callback of refresh to SF[9]  
08-15 17:59:11.342 E/HwcComposer( 1409): presentOrValidateDisplay 0 presentFence:-1
08-15 17:59:11.343 D/libcomposer_ext( 1269): DeviceImplAidl::DeviceClientContextAidl::NotifyDispDumpReady(), client_handle:2, buffer:0xb400007c738aa830, fence:175, period8333333
08-15 17:59:11.343 D/libcomposer_ext( 1778): ClientCallbackAidl::asyncPerform(15)
08-15 17:59:11.343 D/libcomposer_ext( 1778): ClientImplAidl::ParseNotifyDispDumpReady()
08-15 17:59:11.347 W/HWUI    ( 2156): Image decoding logging dropped!
08-15 17:59:11.347 I/MiSensorServiceImpl( 2156): user found in check list, getPackageName  android.view.OrientationEventListener
08-15 17:59:11.359 D/libcomposer_ext( 1778): ClientImplAidl::getDispDumpEnable()
08-15 17:59:11.360 D/libcomposer_ext( 1269): DeviceImplAidl::syncPerform(13), client_handle: 2
08-15 17:59:11.360 D/libcomposer_ext( 1269): DeviceImplAidl::DeviceClientContextAidl::ParseGetDispDumpEnable()
08-15 17:59:11.360 I/hwcomposer( 1269): [HWC] getDispDumpEnable(), client(2), dpy 1, enable 0, (0,0,160,220), (160, 220), 3  
08-15 17:59:11.360 I/hwcomposer( 1269): [DISP_DUMP] setEnable(), client(2), dpy(0), enable 0/1, src(0, 0, 160, 220), dst(160, 220), fmt 0x3  
08-15 17:59:11.360 I/hwcomposer( 1269): [HWC] getDispDumpEnable(), register to client callback with client(2), disp(0)  
08-15 17:59:11.361 E/libsensor-frameBufferManager( 1778): frameBufferManager_sensor_debug : getDispDump_Disable ret = 0
08-15 17:59:11.361 E/libsensor-parseRGB( 1778): x := 686, y = 2, width = 160, height = 220, Bpp = 3
08-15 17:59:11.361 D/libsensor-parseRGB( 1778): the value of RGB [14.078294 14.592603 17.675940], powPara: 1.435810
08-15 17:59:11.372 I/MiSensorServiceImpl( 2156): user found in check list, getPackageName  android.view.OrientationEventListener
08-15 17:59:11.373 I/AonHalDevice( 4673):  AonTimeoutHandle curTimestamp:1786787951373
08-15 17:59:11.374 I/AonHalDevice( 4673): typeTimeout_map.get(entry.getKey(): 1786787952668 curTimestamp1786787951373
08-15 17:59:11.374 E/HfLooper( 1284): sensor screen_down in hal data=1,1
08-15 17:59:11.375 I/AonHalDevice( 4673): [onCallback] 
08-15 17:59:11.375 D/AonHalDevice( 4673): onResultCallback apu_output: 524288
08-15 17:59:11.375 I/hwcomposer( 1269): [HWCDisplay] (0 updateFps():3751), (type:1, mode:2) fps:120.377678,dur:1005.17,max:10.81,min:5.78  
08-15 17:59:11.375 I/AonHalDevice( 4673): frame: 25, width: 21, height: 40, center.x: 79, center.y: 98, gaze: 0, face nums: 1, lfaceOrient: 3
08-15 17:59:11.375 D/AonHalDevice( 4673): type:4; type value:1; algotype: 10.0
08-15 17:59:11.375 I/AonHalDevice( 4673): [onResultCallback] result == {frame_width=320, apu_output=[B@5179846, frame_mode=6, frame_height=240, frame_id=25, detect_mode=3}
08-15 17:59:11.375 W/BpBinder( 1714): Large outgoing transaction of 524804 bytes, interface descriptor vendor.mediatek.hardware.camera.aovservice.IAovServiceCallback, code 1 was sent
08-15 17:59:11.379 I/MiuiNetworkPolicy( 2156): updateUidState uid = 10247, uidState = 5
08-15 17:59:11.380 I/BtGatt.ScanManager( 3264): msg.what = MSG_IMPORTANCE_CHANGE, msg.arg1 = IMPORTANCE_CHANGE
08-15 17:59:11.386 I/MiuiNetworkPolicyTrafficLimit( 2156): updateWhiteListUidForMobileTraffic uid=10247,add=false
08-15 17:59:11.386 I/MiuiNetworkPolicy( 2156): updateUidState uid = 10127, uidState = 5
08-15 17:59:11.388 I/MiSensorServiceImpl( 2156): user found in check list, getPackageName  android.view.OrientationEventListener
08-15 17:59:11.394 D/MiuiNetworkPolicyTrafficLimit( 2156): updateWhiteListUidForMobileTraffic rst=true
08-15 17:59:11.409 I/MiSensorServiceImpl( 2156): user found in check list, getPackageName  android.view.OrientationEventListener
08-15 17:59:11.409 E/HwcComposer( 1409): presentOrValidateDisplay 0 presentFence:-1
08-15 17:59:11.410 E/HfLooper( 1284): sensor screen_down in hal data=1,1
08-15 17:59:11.418 E/HwcComposer( 1409): presentOrValidateDisplay 0 presentFence:-1
08-15 17:59:11.426 E/HwcComposer( 1409): presentOrValidateDisplay 0 presentFence:-1
08-15 17:59:11.427 I/MiSensorServiceImpl( 2156): user found in check list, getPackageName  android.view.OrientationEventListener
08-15 17:59:11.434 E/HwcComposer( 1409): presentOrValidateDisplay 0 presentFence:-1
08-15 17:59:11.447 I/MiSensorServiceImpl( 2156): user found in check list, getPackageName  android.view.OrientationEventListener
08-15 17:59:11.447 E/HfLooper( 1284): sensor screen_down in hal data=1,1
08-15 17:59:11.461 E/libsensor-displayalgo( 1778): Write:the value of channelCali ALS:455.4,IR:38.0,scales:0.803213, hsv: -1.000000
08-15 17:59:11.461 E/libsensor-displayalgo( 1778): Write:the value of channelCali ALS:6395.6,IR:3958.0,scales:0.803213, coef: 0.469000 0.995423 0.000000 84.785360 1.124000 -0.511000 56.192000 421.769106
08-15 17:59:11.461 D/libsensor-displayalgo( 1778): brightness:829.000000,flat_mode:0.000000,R1:44.575817,G1:46.932445,B1:61.802203,R2:868.312491,G2:868.324109,B2:858.471670,R3:426.594598,G3:426.585923,B3:421.769106,R4:117.477961,G4:118.188208,B4:122.283900,EVENT ALS:6851.000000,IR:3996.000000, lux: 36.432755 
08-15 17:59:11.473 I/MiSensorServiceImpl( 2156): user found in check list, getPackageName  android.view.OrientationEventListener
08-15 17:59:11.479 I/AonHalDevice( 4673): [onCallback] 
08-15 17:59:11.479 D/AonHalDevice( 4673): onResultCallback apu_output: 524288
08-15 17:59:11.479 I/AonHalDevice( 4673): frame: 26, width: 22, height: 40, center.x: 78, center.y: 96, gaze: 0, face nums: 1, lfaceOrient: 3
08-15 17:59:11.479 D/AonHalDevice( 4673): type:4; type value:1; algotype: 10.0
08-15 17:59:11.479 I/AonHalDevice( 4673): [onResultCallback] result == {frame_width=320, apu_output=[B@7955a07, frame_mode=6, frame_height=240, frame_id=26, detect_mode=3}
08-15 17:59:11.479 W/BpBinder( 1714): Large outgoing transaction of 524804 bytes, interface descriptor vendor.mediatek.hardware.camera.aovservice.IAovServiceCallback, code 1 was sent
08-15 17:59:11.488 E/HfLooper( 1284): sensor screen_down in hal data=1,1
08-15 17:59:11.489 I/MiSensorServiceImpl( 2156): user found in check list, getPackageName  android.view.OrientationEventListener
08-15 17:59:11.509 I/MiSensorServiceImpl( 2156): user found in check list, getPackageName  android.view.OrientationEventListener
08-15 17:59:11.515 I/BufferQueueProducer( 1409): [fbd828 SurfaceView[com.ljyh.mei/com.ljyh.mei.MainActivity](BLAST)#17983](this:0xb4000077dc594810,id:-1,api:0,p:-1,c:1409) queueBuffer: fps=120.41 dur=1004.89 max=9.20 min=7.25
08-15 17:59:11.527 I/MiSensorServiceImpl( 2156): user found in check list, getPackageName  android.view.OrientationEventListener
08-15 17:59:11.528 E/HfLooper( 1284): sensor screen_down in hal data=1,1
08-15 17:59:11.534 I/android.hardware.graphics.composer@3.3-service( 1269): Sensor: notify citsensorservice to trigger cwb
08-15 17:59:11.534 I/libsensor-frameBufferManager( 1778): request dump start
08-15 17:59:11.535 D/libcomposer_ext( 1778): ClientImplAidl::getDispDumpEnable()
08-15 17:59:11.535 D/libcomposer_ext( 1269): DeviceImplAidl::syncPerform(13), client_handle: 2
08-15 17:59:11.535 D/libcomposer_ext( 1269): DeviceImplAidl::DeviceClientContextAidl::ParseGetDispDumpEnable()
08-15 17:59:11.535 I/hwcomposer( 1269): [HWC] getDispDumpEnable(), client(2), dpy 1, enable 1, (0,0,160,220), (160, 220), 3  
08-15 17:59:11.535 I/hwcomposer( 1269): [DRMDEV] isSupportWbParams(), id_crtc 116, id_connector 34, dump_point 0, src(0, 0, 160, 220), dst(160, 220), config 2  
08-15 17:59:11.535 I/hwcomposer( 1269): [DISP_DUMP] setEnable(), client(2), dpy(0), enable 1/0, src(0, 0, 160, 220), dst(160, 220), fmt 0x3  
08-15 17:59:11.535 I/hwcomposer( 1269): [HWC] getDispDumpEnable(), register to client callback with client(2), disp(0)  
08-15 17:59:11.535 E/libsensor-frameBufferManager( 1778): frameBufferManager_sensor_debug : first_time getDispDump Enable ret = 0
08-15 17:59:11.535 D/libcomposer_ext( 1778): ClientImplAidl::getDispDump(), dpy 1, dst (160, 220), dump_point 2, release_fence -1
08-15 17:59:11.536 D/libcomposer_ext( 1269): DeviceImplAidl::syncPerform(14), client_handle: 2
08-15 17:59:11.536 D/libcomposer_ext( 1269): DeviceImplAidl::DeviceClientContextAidl::ParseGetDispDump()
08-15 17:59:11.536 D/libcomposer_ext( 1269): DeviceImplAidl::ParseGetDispDump(), dpy 1, dst (160, 220), dump_point 2
08-15 17:59:11.536 I/hwcomposer( 1269): [HWC] getDispDump(), client(2), dpy 1, (686,2,846,222), (160, 220), (2, 2), (-1), (-1), (0xb400007c738aa710)  
08-15 17:59:11.536 I/hwcomposer( 1269): [DRMDEV] isSupportWbParams(), id_crtc 116, id_connector 34, dump_point 2, src(686, 2, 160, 220), dst(160, 220), config 2  
08-15 17:59:11.536 I/hwcomposer( 1269): [DISP_DUMP] setDumpBuf(), client(2), dpy(0), src(686, 2, 846, 222), dst(160, 220), (2, 2), -1, (-1), (0xb400007c738aa710)  
08-15 17:59:11.536 I/hwcomposer( 1269): [HWC] (0)fire a callback of refresh to SF[9]  
08-15 17:59:11.542 E/HwcComposer( 1409): presentOrValidateDisplay 0 presentFence:-1
08-15 17:59:11.543 D/libcomposer_ext( 1269): DeviceImplAidl::DeviceClientContextAidl::NotifyDispDumpReady(), client_handle:2, buffer:0xb400007c738abd90, fence:178, period8333333
08-15 17:59:11.543 D/libcomposer_ext( 1778): ClientCallbackAidl::asyncPerform(15)
08-15 17:59:11.543 D/libcomposer_ext( 1778): ClientImplAidl::ParseNotifyDispDumpReady()
08-15 17:59:11.545 I/ CmdControl( 6568): [getCmdData:342][send] cmd :HeartBeat, seq: 103, length: 25
08-15 17:59:11.548 I/MiSensorServiceImpl( 2156): user found in check list, getPackageName  android.view.OrientationEventListener
08-15 17:59:11.558 D/libcomposer_ext( 1778): ClientImplAidl::getDispDumpEnable()
08-15 17:59:11.561 D/libcomposer_ext( 1269): DeviceImplAidl::syncPerform(13), client_handle: 2
08-15 17:59:11.561 D/libcomposer_ext( 1269): DeviceImplAidl::DeviceClientContextAidl::ParseGetDispDumpEnable()
08-15 17:59:11.561 I/hwcomposer( 1269): [HWC] getDispDumpEnable(), client(2), dpy 1, enable 0, (0,0,160,220), (160, 220), 3  
08-15 17:59:11.561 I/hwcomposer( 1269): [DISP_DUMP] setEnable(), client(2), dpy(0), enable 0/1, src(0, 0, 160, 220), dst(160, 220), fmt 0x3  
08-15 17:59:11.561 I/hwcomposer( 1269): [HWC] getDispDumpEnable(), register to client callback with client(2), disp(0)  
08-15 17:59:11.561 E/libsensor-frameBufferManager( 1778): frameBufferManager_sensor_debug : getDispDump_Disable ret = 0
08-15 17:59:11.561 E/libsensor-parseRGB( 1778): x := 686, y = 2, width = 160, height = 220, Bpp = 3
08-15 17:59:11.562 D/libsensor-parseRGB( 1778): the value of RGB [14.078294 14.592603 17.675940], powPara: 1.435810
08-15 17:59:11.565 I/ CmdControl( 6568): [onRecvCmd:1232][DID8899:CMD_58aa]CmdSource::onRecvCmd [recv seq]: 103, type: HeartBeat_Ack, size: 0
08-15 17:59:11.565 I/system_server( 2156): AssetManager2(0xb4000074be0642d8) locale list changing from [] to [zh-CN]
08-15 17:59:11.567 W/NotificationHistory( 2156): Attempted to add notif for locked/gone/disabled user 0
08-15 17:59:11.568 I/MiSensorServiceImpl( 2156): user found in check list, getPackageName  android.view.OrientationEventListener
08-15 17:59:11.569 E/HfLooper( 1284): sensor screen_down in hal data=1,1
08-15 17:59:11.574 I/AonHalDevice( 4673):  AonTimeoutHandle curTimestamp:1786787951574
08-15 17:59:11.574 I/AonHalDevice( 4673): typeTimeout_map.get(entry.getKey(): 1786787952668 curTimestamp1786787951574
08-15 17:59:11.574 D/JavaheapMonitor(24997): Java heap used=3M max=256M, proc: com.android.htmlviewer
08-15 17:59:11.574 V/JavaheapMonitor(24997): Check java heap usage finished! Next check delay: 300000
08-15 17:59:11.579 I/NotifySyncService_6737_8961( 6737): MSG_NOTIFY_POSTED 
08-15 17:59:11.580 I/NotifySyncService_6737_8961( 6737): onNotificationPosted Id:0 key:0|android|0|com.android.server.wm.AlertWindowNotification - com.mipay.wallet|1000 PackageName:android IsOngoing:true PostTime:1786787951352 currentDeviceModel.connected: true
08-15 17:59:11.581 I/NotifySyncService_6737_8961( 6737): onNotificationPosted Id:0 , appName : Android 系统
08-15 17:59:11.581 I/NotifyLogUtils_6737_26665( 6737): isIgnoringBatteryOptimizations false
08-15 17:59:11.581 I/NotifySyncService_6737_8961( 6737): isFlagNoClearNotification flag = 2306
08-15 17:59:11.581 I/NotifySyncService_6737_8961( 6737):  isOngoing = true isIncomingCall = false
08-15 17:59:11.587 D/FocusPlugin( 3472): 0|android|0|com.android.server.wm.AlertWindowNotification - com.mipay.wallet|1000 is not focus notification, isMedia: false
08-15 17:59:11.589 D/AlarmScheduler-TIMEOUT( 3472): addAlarm, key=0|android|0|com.android.server.wm.AlertWindowNotification - com.mipay.wallet|1000, triggerTime=318433371
08-15 17:59:11.589 D/MiuiBubbleManager( 3472): onEntryAdded: com.android.systemui.statusbar.notification.collection.NotificationEntry@73a6d7d
08-15 17:59:11.589 D/NotificationProvider( 3472): call method=updateNotificationUsageInfo extras=Bundle[{packageName=android}]
08-15 17:59:11.590 I/MiuiBubbleSettings( 3472): android 0isAppEnableBubbleNotification: false
08-15 17:59:11.591 D/JavaheapMonitor( 6288): Java heap used=31M max=256M, proc: com.miui.personalassistant
08-15 17:59:11.592 V/JavaheapMonitor( 6288): Check java heap usage finished! Next check delay: 300000
08-15 17:59:11.594 E/HfLooper( 1284): sensor health use of mobile in hal data=0,-1,-1,-1,0,0
08-15 17:59:11.594 I/MiSensorServiceImpl( 2156): user found in check list, getPackageName  android.view.OrientationEventListener
08-15 17:59:11.597 D/MST_VisualSensorManager( 7889): onSensorChanged:0.0, -1.0, -1.0, -1.0, 0.0, 0.0, 0.0, 0.0, 0.0, 0.0, 0.0, 0.0, 0.0, 0.0, 0.0, 0.0 at 59233371800860
08-15 17:59:11.600 I/id.ext.services( 4929): AssetManager2(0xb4000074be049078) locale list changing from [] to [zh-CN]
08-15 17:59:11.607 E/HfLooper( 1284): sensor screen_down in hal data=1,1
08-15 17:59:11.608 I/MiSensorServiceImpl( 2156): user found in check list, getPackageName  android.view.OrientationEventListener
08-15 17:59:11.627 I/MiSensorServiceImpl( 2156): user found in check list, getPackageName  android.view.OrientationEventListener
08-15 17:59:11.630 I/ExpandableNotificationRowInjector( 3472): normalNotificationBlur: 
08-15 17:59:11.638 D/backgroundBlur( 3472): setMiViewBlurMode com.android.systemui.statusbar.notification.row.NotificationBackgroundView mode = 1 hashcode 59353500
08-15 17:59:11.639 D/backgroundBlur( 3472): setMiViewBlurMode com.android.systemui.statusbar.notification.row.NotificationBackgroundView mode = 0 hashcode 59353500
08-15 17:59:11.640 D/backgroundBlur( 3472): enablePassWindowBlur VRI is null com.android.systemui.statusbar.notification.row.NotificationBackgroundView
08-15 17:59:11.645 D/HWUI    ( 3472): setMiShadow closed
08-15 17:59:11.645 D/EmptyNotif( 3472): setContractedChild:   null
08-15 17:59:11.645 D/NotificationRowContentBinderInjectorImpl( 3472): changeToFullAodContext: not need change full aod style
08-15 17:59:11.647 I/MiSensorServiceImpl( 2156): user found in check list, getPackageName  android.view.OrientationEventListener
08-15 17:59:11.647 E/HfLooper( 1284): sensor screen_down in hal data=1,1
08-15 17:59:11.659 W/BitmapDrawable( 3472): BitmapDrawable created with null Bitmap
08-15 17:59:11.660 W/BitmapDrawable( 3472): BitmapDrawable created with null Bitmap
08-15 17:59:11.661 E/libsensor-displayalgo( 1778): Write:the value of channelCali ALS:455.4,IR:38.0,scales:0.803213, hsv: -1.000000
08-15 17:59:11.661 E/libsensor-displayalgo( 1778): Write:the value of channelCali ALS:6408.6,IR:3956.0,scales:0.803213, coef: 0.469000 0.995423 0.000000 84.785360 1.124000 -0.511000 56.192000 421.769106
08-15 17:59:11.661 D/libsensor-displayalgo( 1778): brightness:829.000000,flat_mode:0.000000,R1:44.575817,G1:46.932445,B1:61.802203,R2:868.312491,G2:868.324109,B2:858.471670,R3:426.594598,G3:426.585923,B3:421.769106,R4:117.477961,G4:118.188208,B4:122.283900,EVENT ALS:6864.000000,IR:3994.000000, lux: 36.543007 
08-15 17:59:11.665 W/BitmapDrawable( 3472): BitmapDrawable created with null Bitmap
08-15 17:59:11.665 W/BitmapDrawable( 3472): BitmapDrawable created with null Bitmap
08-15 17:59:11.666 D/EmptyNotif( 3472): setContractedChild:   android.widget.FrameLayout{d44d4e7 V.E...... ......I. 0,0-0,0 #7f0b0b6a app:id/status_bar_latest_event_content}
08-15 17:59:11.667 I/ExpandableNotificationRowInjector( 3472): normalNotificationBlur: 
08-15 17:59:11.667 D/backgroundBlur( 3472): setMiViewBlurMode com.android.systemui.statusbar.notification.row.NotificationBackgroundView mode = 1 hashcode 59353500
08-15 17:59:11.667 D/backgroundBlur( 3472): setMiViewBlurMode com.android.systemui.statusbar.notification.row.NotificationBackgroundView mode = 0 hashcode 59353500
08-15 17:59:11.667 D/backgroundBlur( 3472): enablePassWindowBlur VRI is null com.android.systemui.statusbar.notification.row.NotificationBackgroundView
08-15 17:59:11.667 D/HWUI    ( 3472): setMiShadow closed
08-15 17:59:11.667 D/HWUI    ( 3472): setMiShadow parameter is same
08-15 17:59:11.668 D/AlertCoordinator( 3472): onViewBound, buzzBeep for 0|android|0|com.android.server.wm.AlertWindowNotification - com.mipay.wallet|1000
08-15 17:59:11.669 I/MiSensorServiceImpl( 2156): user found in check list, getPackageName  android.view.OrientationEventListener
08-15 17:59:11.669 E/Java_Reflection( 2156): null
08-15 17:59:11.669 E/Java_Reflection( 2156): java.lang.reflect.InvocationTargetException
08-15 17:59:11.669 E/Java_Reflection( 2156): 	at java.lang.reflect.Method.invoke(Native Method)
08-15 17:59:11.669 E/Java_Reflection( 2156): 	at com.xiaomi.reflect.RefMethod.invoke(RefMethod.java:78)
08-15 17:59:11.669 E/Java_Reflection( 2156): 	at com.android.server.notification.NotificationManagerServiceImpl.buzzBeepBlinkForNotification(NotificationManagerServiceImpl.java:258)
08-15 17:59:11.669 E/Java_Reflection( 2156): 	at com.android.server.notification.NotificationManagerService$12.buzzBeepBlinkForNotification(NotificationManagerService.java:7498)
08-15 17:59:11.669 E/Java_Reflection( 2156): 	at android.app.INotificationManager$Stub.onTransact(INotificationManager.java:3342)
08-15 17:59:11.669 E/Java_Reflection( 2156): 	at android.os.Binder.execTransactInternal(Binder.java:1433)
08-15 17:59:11.669 E/Java_Reflection( 2156): 	at android.os.Binder.execTransact(Binder.java:1372)
08-15 17:59:11.669 E/Java_Reflection( 2156): Caused by: java.lang.SecurityException: Disallowed call for uid 10210
08-15 17:59:11.669 E/Java_Reflection( 2156): 	at com.android.server.notification.NotificationManagerService.checkCallerIsSystem(NotificationManagerService.java:12267)
08-15 17:59:11.669 E/Java_Reflection( 2156): 	... 7 more
08-15 17:59:11.680 I/AonHalDevice( 4673): [onCallback] 
08-15 17:59:11.680 D/AonHalDevice( 4673): onResultCallback apu_output: 524288
08-15 17:59:11.680 I/AonHalDevice( 4673): frame: 28, width: 20, height: 41, center.x: 78, center.y: 99, gaze: 0, face nums: 1, lfaceOrient: 3
08-15 17:59:11.680 D/AonHalDevice( 4673): type:4; type value:1; algotype: 10.0
08-15 17:59:11.680 I/AonHalDevice( 4673): [onResultCallback] result == {frame_width=320, apu_output=[B@46fa734, frame_mode=6, frame_height=240, frame_id=28, detect_mode=3}
08-15 17:59:11.680 W/BpBinder( 1714): Large outgoing transaction of 524804 bytes, interface descriptor vendor.mediatek.hardware.camera.aovservice.IAovServiceCallback, code 1 was sent
08-15 17:59:11.688 I/MiSensorServiceImpl( 2156): user found in check list, getPackageName  android.view.OrientationEventListener
08-15 17:59:11.689 E/HfLooper( 1284): sensor screen_down in hal data=1,1
08-15 17:59:11.697 D/JavaheapMonitor(10896): Java heap used=10M max=256M, proc: com.miui.voicetrigger
08-15 17:59:11.698 V/JavaheapMonitor(10896): Check java heap usage finished! Next check delay: 300000
08-15 17:59:11.703 I/libPerfCtl( 1300): xgfGetFPS pid:2567 fps:-1
08-15 17:59:11.703 I/libPerfCtl( 1300): xgfGetFPS pid:3472 fps:-1
08-15 17:59:11.703 I/libPerfCtl( 1300): xgfGetFPS pid:15661 fps:-1
08-15 17:59:11.708 I/MiSensorServiceImpl( 2156): user found in check list, getPackageName  android.view.OrientationEventListener
08-15 17:59:11.710 D/NotificationIconContainerInject( 3472): remove: start remove notification animation
08-15 17:59:11.712 D/backgroundBlur( 3472): setSelfBlurRadius radius(3) com.android.systemui.statusbar.StatusBarIconView hashcode 222684674
08-15 17:59:11.712 D/backgroundBlur( 3472): setSelfColorModes has setted com.android.systemui.statusbar.StatusBarIconView hashcode 222684674
08-15 17:59:11.717 D/NotificationHeaderExpandController( 3472): onExpansionChanged: progress =  0.0
08-15 17:59:11.719 D/backgroundBlur( 3472): setSelfBlurRadius radius(30) com.android.systemui.statusbar.StatusBarIconView hashcode 219718286
08-15 17:59:11.719 D/backgroundBlur( 3472): setSelfColorModes has setted com.android.systemui.statusbar.StatusBarIconView hashcode 219718286
08-15 17:59:11.723 D/backgroundBlur( 3472): setSelfColorModes has setted com.android.systemui.statusbar.StatusBarIconView hashcode 222684674
08-15 17:59:11.727 I/MiSensorServiceImpl( 2156): user found in check list, getPackageName  android.view.OrientationEventListener
08-15 17:59:11.728 D/backgroundBlur( 3472): setSelfColorModes has setted com.android.systemui.statusbar.StatusBarIconView hashcode 222684674
08-15 17:59:11.729 E/HfLooper( 1284): sensor screen_down in hal data=1,1
08-15 17:59:11.735 E/HwcComposer( 1409): presentOrValidateDisplay 0 presentFence:-1
08-15 17:59:11.735 I/android.hardware.graphics.composer@3.3-service( 1269): Sensor: notify citsensorservice to trigger cwb
08-15 17:59:11.736 I/libsensor-frameBufferManager( 1778): request dump start
08-15 17:59:11.736 D/backgroundBlur( 3472): setSelfColorModes has setted com.android.systemui.statusbar.StatusBarIconView hashcode 222684674
08-15 17:59:11.736 D/libcomposer_ext( 1778): ClientImplAidl::getDispDumpEnable()
08-15 17:59:11.736 D/libcomposer_ext( 1269): DeviceImplAidl::syncPerform(13), client_handle: 2
08-15 17:59:11.736 D/libcomposer_ext( 1269): DeviceImplAidl::DeviceClientContextAidl::ParseGetDispDumpEnable()
08-15 17:59:11.736 I/hwcomposer( 1269): [HWC] getDispDumpEnable(), client(2), dpy 1, enable 1, (0,0,160,220), (160, 220), 3  
08-15 17:59:11.736 I/hwcomposer( 1269): [DRMDEV] isSupportWbParams(), id_crtc 116, id_connector 34, dump_point 0, src(0, 0, 160, 220), dst(160, 220), config 2  
08-15 17:59:11.736 I/hwcomposer( 1269): [DISP_DUMP] setEnable(), client(2), dpy(0), enable 1/0, src(0, 0, 160, 220), dst(160, 220), fmt 0x3  
08-15 17:59:11.736 I/hwcomposer( 1269): [HWC] getDispDumpEnable(), register to client callback with client(2), disp(0)  
08-15 17:59:11.737 E/libsensor-frameBufferManager( 1778): frameBufferManager_sensor_debug : first_time getDispDump Enable ret = 0
08-15 17:59:11.737 D/libcomposer_ext( 1778): ClientImplAidl::getDispDump(), dpy 1, dst (160, 220), dump_point 2, release_fence -1
08-15 17:59:11.737 D/libcomposer_ext( 1269): DeviceImplAidl::syncPerform(14), client_handle: 2
08-15 17:59:11.737 D/libcomposer_ext( 1269): DeviceImplAidl::DeviceClientContextAidl::ParseGetDispDump()
08-15 17:59:11.737 D/libcomposer_ext( 1269): DeviceImplAidl::ParseGetDispDump(), dpy 1, dst (160, 220), dump_point 2
08-15 17:59:11.737 I/hwcomposer( 1269): [HWC] getDispDump(), client(2), dpy 1, (686,2,846,222), (160, 220), (2, 2), (-1), (-1), (0xb400007c738aa830)  
08-15 17:59:11.738 I/hwcomposer( 1269): [DRMDEV] isSupportWbParams(), id_crtc 116, id_connector 34, dump_point 2, src(686, 2, 160, 220), dst(160, 220), config 2  
08-15 17:59:11.738 I/hwcomposer( 1269): [DISP_DUMP] setDumpBuf(), client(2), dpy(0), src(686, 2, 846, 222), dst(160, 220), (2, 2), -1, (-1), (0xb400007c738aa830)  
08-15 17:59:11.738 I/hwcomposer( 1269): [HWC] (0)fire a callback of refresh to SF[9]  
08-15 17:59:11.741 E/HwcComposer( 1409): presentOrValidateDisplay 0 presentFence:-1
08-15 17:59:11.741 D/libcomposer_ext( 1269): DeviceImplAidl::DeviceClientContextAidl::NotifyDispDumpReady(), client_handle:2, buffer:0xb400007c738aa710, fence:178, period8333333
08-15 17:59:11.741 D/libcomposer_ext( 1778): ClientCallbackAidl::asyncPerform(15)
08-15 17:59:11.742 D/libcomposer_ext( 1778): ClientImplAidl::ParseNotifyDispDumpReady()
08-15 17:59:11.745 D/backgroundBlur( 3472): setSelfColorModes has setted com.android.systemui.statusbar.StatusBarIconView hashcode 222684674
08-15 17:59:11.749 I/dist:vtcamera:PhoneTemperatureReader( 4993): onEvent: null
08-15 17:59:11.752 I/dist:vtcamera:PhoneTemperatureReader( 4993): read-temp:39198
08-15 17:59:11.752 D/dist:vtcamera:PhoneTemperatureNotifier( 4993): tempV=39198, highTemperature state=false
08-15 17:59:11.752 D/AurogonBandwidthController( 2156): skinTemperature:39.198
08-15 17:59:11.753 I/MiSensorServiceImpl( 2156): user found in check list, getPackageName  android.view.OrientationEventListener
08-15 17:59:11.753 D/backgroundBlur( 3472): setSelfColorModes has setted com.android.systemui.statusbar.StatusBarIconView hashcode 222684674
08-15 17:59:11.758 D/libcomposer_ext( 1778): ClientImplAidl::getDispDumpEnable()
08-15 17:59:11.758 D/libcomposer_ext( 1269): DeviceImplAidl::syncPerform(13), client_handle: 2
08-15 17:59:11.758 D/libcomposer_ext( 1269): DeviceImplAidl::DeviceClientContextAidl::ParseGetDispDumpEnable()
08-15 17:59:11.758 I/hwcomposer( 1269): [HWC] getDispDumpEnable(), client(2), dpy 1, enable 0, (0,0,160,220), (160, 220), 3  
08-15 17:59:11.758 I/hwcomposer( 1269): [DISP_DUMP] setEnable(), client(2), dpy(0), enable 0/1, src(0, 0, 160, 220), dst(160, 220), fmt 0x3  
08-15 17:59:11.758 I/hwcomposer( 1269): [HWC] getDispDumpEnable(), register to client callback with client(2), disp(0)  
08-15 17:59:11.758 E/libsensor-frameBufferManager( 1778): frameBufferManager_sensor_debug : getDispDump_Disable ret = 0
08-15 17:59:11.758 E/libsensor-parseRGB( 1778): x := 686, y = 2, width = 160, height = 220, Bpp = 3
08-15 17:59:11.759 D/libsensor-parseRGB( 1778): the value of RGB [14.078294 14.592603 17.675940], powPara: 1.435810
08-15 17:59:11.760 I/AonHalDevice( 4673): [onCallback] 
08-15 17:59:11.760 D/AonHalDevice( 4673): onResultCallback apu_output: 524288
08-15 17:59:11.760 I/AonHalDevice( 4673): frame: 29, width: 0, height: 0, center.x: 0, center.y: 0, gaze: 0, face nums: 0, lfaceOrient: 0
08-15 17:59:11.760 D/AonHalDevice( 4673): type:4; type value:1; algotype: 10.0
08-15 17:59:11.760 I/AonHalDevice( 4673): [onResultCallback] result == {frame_width=320, apu_output=[B@eb4395d, frame_mode=6, frame_height=240, frame_id=29, detect_mode=3}
08-15 17:59:11.760 W/BpBinder( 1714): Large outgoing transaction of 524804 bytes, interface descriptor vendor.mediatek.hardware.camera.aovservice.IAovServiceCallback, code 1 was sent
08-15 17:59:11.762 D/backgroundBlur( 3472): setSelfColorModes has setted com.android.systemui.statusbar.StatusBarIconView hashcode 222684674
08-15 17:59:11.762 D/backgroundBlur( 3472): setSelfColorModes has setted com.android.systemui.statusbar.StatusBarIconView hashcode 219718286
08-15 17:59:11.768 I/MiSensorServiceImpl( 2156): user found in check list, getPackageName  android.view.OrientationEventListener
08-15 17:59:11.769 E/HfLooper( 1284): sensor screen_down in hal data=1,1
08-15 17:59:11.770 D/backgroundBlur( 3472): setSelfColorModes has setted com.android.systemui.statusbar.StatusBarIconView hashcode 222684674
08-15 17:59:11.770 D/backgroundBlur( 3472): setSelfColorModes has setted com.android.systemui.statusbar.StatusBarIconView hashcode 219718286
08-15 17:59:11.774 I/AonHalDevice( 4673):  AonTimeoutHandle curTimestamp:1786787951774
08-15 17:59:11.775 I/AonHalDevice( 4673): typeTimeout_map.get(entry.getKey(): 1786787952668 curTimestamp1786787951774
08-15 17:59:11.778 D/backgroundBlur( 3472): setSelfColorModes has setted com.android.systemui.statusbar.StatusBarIconView hashcode 222684674
08-15 17:59:11.778 D/backgroundBlur( 3472): setSelfColorModes has setted com.android.systemui.statusbar.StatusBarIconView hashcode 219718286
08-15 17:59:11.786 D/backgroundBlur( 3472): setSelfColorModes has setted com.android.systemui.statusbar.StatusBarIconView hashcode 222684674
08-15 17:59:11.786 D/backgroundBlur( 3472): setSelfColorModes has setted com.android.systemui.statusbar.StatusBarIconView hashcode 219718286
08-15 17:59:11.787 I/MiSensorServiceImpl( 2156): user found in check list, getPackageName  android.view.OrientationEventListener
08-15 17:59:11.795 D/backgroundBlur( 3472): setSelfColorModes has setted com.android.systemui.statusbar.StatusBarIconView hashcode 222684674
08-15 17:59:11.795 D/backgroundBlur( 3472): setSelfColorModes has setted com.android.systemui.statusbar.StatusBarIconView hashcode 219718286
08-15 17:59:11.803 D/backgroundBlur( 3472): setSelfColorModes has setted com.android.systemui.statusbar.StatusBarIconView hashcode 222684674
08-15 17:59:11.803 D/backgroundBlur( 3472): setSelfColorModes has setted com.android.systemui.statusbar.StatusBarIconView hashcode 219718286
08-15 17:59:11.808 I/MiSensorServiceImpl( 2156): user found in check list, getPackageName  android.view.OrientationEventListener
08-15 17:59:11.809 E/HfLooper( 1284): sensor screen_down in hal data=1,1
08-15 17:59:11.811 D/backgroundBlur( 3472): setSelfColorModes has setted com.android.systemui.statusbar.StatusBarIconView hashcode 219718286
08-15 17:59:11.819 D/backgroundBlur( 3472): setSelfColorModes has setted com.android.systemui.statusbar.StatusBarIconView hashcode 222684674
08-15 17:59:11.820 D/backgroundBlur( 3472): setSelfColorModes has setted com.android.systemui.statusbar.StatusBarIconView hashcode 219718286
08-15 17:59:11.827 I/MiSensorServiceImpl( 2156): user found in check list, getPackageName  android.view.OrientationEventListener
08-15 17:59:11.828 D/backgroundBlur( 3472): setSelfColorModes has setted com.android.systemui.statusbar.StatusBarIconView hashcode 219718286
08-15 17:59:11.836 D/backgroundBlur( 3472): setSelfColorModes has setted com.android.systemui.statusbar.StatusBarIconView hashcode 222684674
08-15 17:59:11.836 D/backgroundBlur( 3472): setSelfColorModes has setted com.android.systemui.statusbar.StatusBarIconView hashcode 219718286
08-15 17:59:11.845 D/backgroundBlur( 3472): setSelfColorModes has setted com.android.systemui.statusbar.StatusBarIconView hashcode 219718286
08-15 17:59:11.846 E/HfLooper( 1284): sensor type is 4 action is 2 data is 1594.000000 -643.000000 -4177.000000
08-15 17:59:11.847 E/HfLooper( 1284): sensor screen_down in hal data=1,1
08-15 17:59:11.847 I/MiSensorServiceImpl( 2156): user found in check list, getPackageName  android.view.OrientationEventListener
08-15 17:59:11.847 W/AString ( 1284): ctor got NULL, using empty string instead
08-15 17:59:11.849 I/SensorSavedChannel( 1284): [1594,-643,-4177]==>gyro_bias.json
08-15 17:59:11.853 D/backgroundBlur( 3472): setSelfColorModes has setted com.android.systemui.statusbar.StatusBarIconView hashcode 219718286
08-15 17:59:11.861 D/backgroundBlur( 3472): setSelfColorModes has setted com.android.systemui.statusbar.StatusBarIconView hashcode 219718286
08-15 17:59:11.861 E/libsensor-displayalgo( 1778): Write:the value of channelCali ALS:455.4,IR:38.0,scales:0.803213, hsv: -1.000000
08-15 17:59:11.861 E/libsensor-displayalgo( 1778): Write:the value of channelCali ALS:6404.6,IR:3958.0,scales:0.803213, coef: 0.469000 0.995423 0.000000 84.785360 1.124000 -0.511000 56.192000 421.769106
08-15 17:59:11.861 D/libsensor-displayalgo( 1778): brightness:829.000000,flat_mode:0.000000,R1:44.575817,G1:46.932445,B1:61.802203,R2:868.312491,G2:868.324109,B2:858.471670,R3:426.594598,G3:426.585923,B3:421.769106,R4:117.477961,G4:118.188208,B4:122.283900,EVENT ALS:6860.000000,IR:3996.000000, lux: 36.504093 
08-15 17:59:11.869 D/backgroundBlur( 3472): setSelfColorModes has setted com.android.systemui.statusbar.StatusBarIconView hashcode 219718286
08-15 17:59:11.872 I/MiSensorServiceImpl( 2156): user found in check list, getPackageName  android.view.OrientationEventListener
08-15 17:59:11.878 D/backgroundBlur( 3472): setSelfColorModes has setted com.android.systemui.statusbar.StatusBarIconView hashcode 219718286
08-15 17:59:11.881 I/AonHalDevice( 4673): [onCallback] 
08-15 17:59:11.881 D/AonHalDevice( 4673): onResultCallback apu_output: 524288
08-15 17:59:11.881 I/AonHalDevice( 4673): frame: 30, width: 25, height: 44, center.x: 79, center.y: 98, gaze: 0, face nums: 1, lfaceOrient: 3
08-15 17:59:11.881 D/AonHalDevice( 4673): type:4; type value:1; algotype: 10.0
08-15 17:59:11.881 I/AonHalDevice( 4673): [onResultCallback] result == {frame_width=320, apu_output=[B@724f2d2, frame_mode=6, frame_height=240, frame_id=30, detect_mode=3}
08-15 17:59:11.881 W/BpBinder( 1714): Large outgoing transaction of 524804 bytes, interface descriptor vendor.mediatek.hardware.camera.aovservice.IAovServiceCallback, code 1 was sent
08-15 17:59:11.886 D/backgroundBlur( 3472): setSelfColorModes has setted com.android.systemui.statusbar.StatusBarIconView hashcode 219718286
08-15 17:59:11.888 I/MiSensorServiceImpl( 2156): user found in check list, getPackageName  android.view.OrientationEventListener
08-15 17:59:11.889 E/HfLooper( 1284): sensor screen_down in hal data=1,1
08-15 17:59:11.903 D/backgroundBlur( 3472): setSelfColorModes has setted com.android.systemui.statusbar.StatusBarIconView hashcode 219718286
08-15 17:59:11.907 I/MiSensorServiceImpl( 2156): user found in check list, getPackageName  android.view.OrientationEventListener
08-15 17:59:11.911 D/backgroundBlur( 3472): setSelfColorModes has setted com.android.systemui.statusbar.StatusBarIconView hashcode 219718286
08-15 17:59:11.919 D/NotificationIconContainerInject( 3472): remove: finish remove notification animation for cancel = false
08-15 17:59:11.928 D/backgroundBlur( 3472): setSelfColorModes has setted com.android.systemui.statusbar.StatusBarIconView hashcode 219718286
08-15 17:59:11.928 I/MiSensorServiceImpl( 2156): user found in check list, getPackageName  android.view.OrientationEventListener
08-15 17:59:11.929 E/HfLooper( 1284): sensor screen_down in hal data=1,1
08-15 17:59:11.942 I/android.hardware.graphics.composer@3.3-service( 1269): Sensor: notify citsensorservice to trigger cwb
08-15 17:59:11.943 I/libsensor-frameBufferManager( 1778): request dump start
08-15 17:59:11.943 D/libcomposer_ext( 1778): ClientImplAidl::getDispDumpEnable()
08-15 17:59:11.943 D/libcomposer_ext( 1269): DeviceImplAidl::syncPerform(13), client_handle: 2
08-15 17:59:11.943 D/libcomposer_ext( 1269): DeviceImplAidl::DeviceClientContextAidl::ParseGetDispDumpEnable()
08-15 17:59:11.943 I/hwcomposer( 1269): [HWC] getDispDumpEnable(), client(2), dpy 1, enable 1, (0,0,160,220), (160, 220), 3  
08-15 17:59:11.943 I/hwcomposer( 1269): [DRMDEV] isSupportWbParams(), id_crtc 116, id_connector 34, dump_point 0, src(0, 0, 160, 220), dst(160, 220), config 2  
08-15 17:59:11.943 I/hwcomposer( 1269): [DISP_DUMP] setEnable(), client(2), dpy(0), enable 1/0, src(0, 0, 160, 220), dst(160, 220), fmt 0x3  
08-15 17:59:11.943 I/hwcomposer( 1269): [HWC] getDispDumpEnable(), register to client callback with client(2), disp(0)  
08-15 17:59:11.944 E/libsensor-frameBufferManager( 1778): frameBufferManager_sensor_debug : first_time getDispDump Enable ret = 0
08-15 17:59:11.944 D/libcomposer_ext( 1778): ClientImplAidl::getDispDump(), dpy 1, dst (160, 220), dump_point 2, release_fence -1
08-15 17:59:11.944 D/backgroundBlur( 3472): setSelfColorModes has setted com.android.systemui.statusbar.StatusBarIconView hashcode 219718286
08-15 17:59:11.944 D/libcomposer_ext( 1269): DeviceImplAidl::syncPerform(14), client_handle: 2
08-15 17:59:11.944 D/libcomposer_ext( 1269): DeviceImplAidl::DeviceClientContextAidl::ParseGetDispDump()
08-15 17:59:11.944 D/libcomposer_ext( 1269): DeviceImplAidl::ParseGetDispDump(), dpy 1, dst (160, 220), dump_point 2
08-15 17:59:11.944 I/hwcomposer( 1269): [HWC] getDispDump(), client(2), dpy 1, (686,2,846,222), (160, 220), (2, 2), (-1), (-1), (0xb400007c738abd90)  
08-15 17:59:11.944 I/hwcomposer( 1269): [DRMDEV] isSupportWbParams(), id_crtc 116, id_connector 34, dump_point 2, src(686, 2, 160, 220), dst(160, 220), config 2  
08-15 17:59:11.944 I/hwcomposer( 1269): [DISP_DUMP] setDumpBuf(), client(2), dpy(0), src(686, 2, 846, 222), dst(160, 220), (2, 2), -1, (-1), (0xb400007c738abd90)  
08-15 17:59:11.944 I/hwcomposer( 1269): [HWC] (0)fire a callback of refresh to SF[9]  
08-15 17:59:11.946 I/MiuiNetworkPolicy( 2156): updateUidState uid = 10256, uidState = 19
08-15 17:59:11.946 I/MiuiNetworkPolicy( 2156): updateUidState uid = 10156, uidState = 19
08-15 17:59:11.948 I/MiSensorServiceImpl( 2156): user found in check list, getPackageName  android.view.OrientationEventListener
08-15 17:59:11.949 E/HwcComposer( 1409): presentOrValidateDisplay 0 presentFence:-1
08-15 17:59:11.950 D/libcomposer_ext( 1269): DeviceImplAidl::DeviceClientContextAidl::NotifyDispDumpReady(), client_handle:2, buffer:0xb400007c738aa830, fence:171, period8333333
08-15 17:59:11.950 D/libcomposer_ext( 1778): ClientCallbackAidl::asyncPerform(15)
08-15 17:59:11.950 D/libcomposer_ext( 1778): ClientImplAidl::ParseNotifyDispDumpReady()
08-15 17:59:11.963 I/MiuiNetworkPolicy( 2156): updateUidState uid = 10080, uidState = 19
08-15 17:59:11.963 I/MiuiNetworkPolicy( 2156): updateUidState uid = 6110, uidState = 19
08-15 17:59:11.965 D/libcomposer_ext( 1778): ClientImplAidl::getDispDumpEnable()
08-15 17:59:11.965 D/libcomposer_ext( 1269): DeviceImplAidl::syncPerform(13), client_handle: 2
08-15 17:59:11.965 D/libcomposer_ext( 1269): DeviceImplAidl::DeviceClientContextAidl::ParseGetDispDumpEnable()
08-15 17:59:11.965 I/hwcomposer( 1269): [HWC] getDispDumpEnable(), client(2), dpy 1, enable 0, (0,0,160,220), (160, 220), 3  
08-15 17:59:11.965 I/hwcomposer( 1269): [DISP_DUMP] setEnable(), client(2), dpy(0), enable 0/1, src(0, 0, 160, 220), dst(160, 220), fmt 0x3  
08-15 17:59:11.965 I/hwcomposer( 1269): [HWC] getDispDumpEnable(), register to client callback with client(2), disp(0)  
08-15 17:59:11.966 E/libsensor-frameBufferManager( 1778): frameBufferManager_sensor_debug : getDispDump_Disable ret = 0
08-15 17:59:11.967 I/MiSensorServiceImpl( 2156): user found in check list, getPackageName  android.view.OrientationEventListener
08-15 17:59:11.969 E/HfLooper( 1284): sensor screen_down in hal data=1,1
08-15 17:59:11.969 D/backgroundBlur( 3472): setSelfColorModes has setted com.android.systemui.statusbar.StatusBarIconView hashcode 219718286
08-15 17:59:11.972 E/libsensor-parseRGB( 1778): x := 686, y = 2, width = 160, height = 220, Bpp = 3
08-15 17:59:11.973 D/libsensor-parseRGB( 1778): the value of RGB [14.078294 14.592603 17.675940], powPara: 1.435810
08-15 17:59:11.975 I/AonHalDevice( 4673):  AonTimeoutHandle curTimestamp:1786787951975
08-15 17:59:11.975 I/AonHalDevice( 4673): typeTimeout_map.get(entry.getKey(): 1786787952668 curTimestamp1786787951975
08-15 17:59:11.982 E/RescueSpaceMonitor(  712): [DeleteDirectoryFiles] Can't open the dir /data/miuilog/stability/nativecrash/coredump/ (No such file or directory)
08-15 17:59:11.983 E/RescueSpaceMonitor(  712): Unable to open directory /mnt/rescue/dumpstateTemporary/: No such file or directory
08-15 17:59:11.985 E/RescueSpaceMonitor(  712): Unable to open directory /mnt/rescue/pwlog/: No such file or directory
08-15 17:59:11.987 I/RescueSpaceMonitor(  712): Rescue Partition space is enough, This diskrate is 5
08-15 17:59:11.987 I/RescueSpaceMonitor(  712): Rescue Partition space is enough, This diskrate is 5
08-15 17:59:11.987 I/RescueSpaceMonitor(  712): Rescue Partition space is enough, This diskrate is 5
08-15 17:59:11.988 I/MiSensorServiceImpl( 2156): user found in check list, getPackageName  android.view.OrientationEventListener
08-15 17:59:12.008 E/HfLooper( 1284): sensor screen_down in hal data=1,1
08-15 17:59:12.008 I/MiSensorServiceImpl( 2156): user found in check list, getPackageName  android.view.OrientationEventListener
08-15 17:59:12.010 D/backgroundBlur( 3472): setSelfColorModes has setted com.android.systemui.statusbar.StatusBarIconView hashcode 219718286
08-15 17:59:12.026 I/MiSensorServiceImpl( 2156): user found in check list, getPackageName  android.view.OrientationEventListener
08-15 17:59:12.027 D/backgroundBlur( 3472): setSelfBlurRadius radius(0) com.android.systemui.statusbar.StatusBarIconView hashcode 219718286
08-15 17:59:12.027 D/backgroundBlur( 3472): setSelfColorModes has setted com.android.systemui.statusbar.StatusBarIconView hashcode 219718286
08-15 17:59:12.051 I/app_process(13533): hook_module_exit libgui_unisoc_utils.so over, handle:0x0
08-15 17:59:12.052 W/RefBase (13533): RefBase: Explicit destruction, weak count = 0 (in 0x71a5457d48). Use sp<> to manage this object. Note - if weak count is 0, this leaks mRefs (weakref_impl).
08-15 17:59:12.052 I/MiSensorServiceImpl( 2156): user found in check list, getPackageName  android.view.OrientationEventListener
08-15 17:59:12.060 E/HfLooper( 1284): sensor screen_down in hal data=1,1
08-15 17:59:12.061 D/RefBase (13533):   #00 pc 0000000000073b50  /apex/com.android.runtime/lib64/bionic/libc.so (__cxa_finalize+224) (BuildId: 9511d9cb89af590535458e21a5811d1a)
08-15 17:59:12.061 D/RefBase (13533):   #01 pc 0000000000078a64  /apex/com.android.runtime/lib64/bionic/libc.so (exit+36) (BuildId: 9511d9cb89af590535458e21a5811d1a)
08-15 17:59:12.061 D/RefBase (13533):   #02 pc 000000000006c1ac  /apex/com.android.runtime/lib64/bionic/libc.so (__libc_init+124) (BuildId: 9511d9cb89af590535458e21a5811d1a)
08-15 17:59:12.065 I/AonHalDevice( 4673): [onCallback] 
08-15 17:59:12.065 E/libsensor-displayalgo( 1778): Write:the value of channelCali ALS:455.4,IR:38.0,scales:0.803213, hsv: -1.000000
08-15 17:59:12.065 D/AonHalDevice( 4673): onResultCallback apu_output: 524288
08-15 17:59:12.065 E/libsensor-displayalgo( 1778): Write:the value of channelCali ALS:6400.6,IR:3963.0,scales:0.803213, coef: 0.469000 0.995423 0.000000 84.785360 1.124000 -0.511000 56.192000 421.769106
08-15 17:59:12.065 I/AonHalDevice( 4673): frame: 32, width: 0, height: 0, center.x: 0, center.y: 0, gaze: 0, face nums: 0, lfaceOrient: 0
08-15 17:59:12.065 D/libsensor-displayalgo( 1778): brightness:829.000000,flat_mode:0.000000,R1:44.575817,G1:46.932445,B1:61.802203,R2:868.312491,G2:868.324109,B2:858.471670,R3:426.594598,G3:426.585923,B3:421.769106,R4:117.477961,G4:118.188208,B4:122.283900,EVENT ALS:6856.000000,IR:4001.000000, lux: 36.454369 
08-15 17:59:12.065 D/AonHalDevice( 4673): type:4; type value:1; algotype: 10.0
08-15 17:59:12.065 I/AonHalDevice( 4673): [onResultCallback] result == {frame_width=320, apu_output=[B@d238fa3, frame_mode=6, frame_height=240, frame_id=32, detect_mode=3}
08-15 17:59:12.065 W/BpBinder( 1714): Large outgoing transaction of 524804 bytes, interface descriptor vendor.mediatek.hardware.camera.aovservice.IAovServiceCallback, code 1 was sent
08-15 17:59:12.068 I/MiSensorServiceImpl( 2156): user found in check list, getPackageName  android.view.OrientationEventListener
08-15 17:59:12.080 D/FocusPlugin( 3472): 0|com.github.kr328.clash|2131296572|null|10290 is not focus notification, isMedia: false
08-15 17:59:12.082 I/NotifySyncService_6737_8961( 6737): MSG_NOTIFY_POSTED 
08-15 17:59:12.082 I/NotifySyncService_6737_8961( 6737): onNotificationPosted Id:2131296572 key:0|com.github.kr328.clash|2131296572|null|10290 PackageName:com.github.kr328.clash IsOngoing:true PostTime:1786787951862 currentDeviceModel.connected: true
08-15 17:59:12.082 D/AlarmScheduler-fold( 3472): addAlarm, key=0|com.github.kr328.clash|2131296572|null|10290, triggerTime=80833864
08-15 17:59:12.083 D/AlarmScheduler-TIMEOUT( 3472): addAlarm, key=0|com.github.kr328.clash|2131296572|null|10290, triggerTime=318433864
08-15 17:59:12.083 D/MiuiBubbleManager( 3472): onEntryUpdated: com.android.systemui.statusbar.notification.collection.NotificationEntry@a78772e App
08-15 17:59:12.083 I/MiuiBubbleSettings( 3472): com.github.kr328.clash 0isAppEnableBubbleNotification: false
08-15 17:59:12.084 I/NotifySyncService_6737_8961( 6737): onNotificationPosted Id:2131296572 , appName : Clash for Android
08-15 17:59:12.084 I/NotifySyncService_6737_8961( 6737): isFlagNoClearNotification flag = 106
08-15 17:59:12.084 I/NotifySyncService_6737_8961( 6737):  isOngoing = true isIncomingCall = false
08-15 17:59:12.084 I/NotifyLogUtils_6737_12088( 6737): isIgnoringBatteryOptimizations false
08-15 17:59:12.089 E/HfLooper( 1284): sensor screen_down in hal data=1,1
08-15 17:59:12.089 I/MiSensorServiceImpl( 2156): user found in check list, getPackageName  android.view.OrientationEventListener
08-15 17:59:12.102 D/EmptyNotif( 3472): setContractedChild: 0|com.github.kr328.clash|2131296572|null|10290  null
08-15 17:59:12.102 D/NotificationRowContentBinderInjectorImpl( 3472): changeToFullAodContext: not need change full aod style
08-15 17:59:12.108 I/MiSensorServiceImpl( 2156): user found in check list, getPackageName  android.view.OrientationEventListener
08-15 17:59:12.110 D/NotificationHeaderExpandController( 3472): onExpansionChanged: progress =  0.0
08-15 17:59:12.111 D/NotificationHeaderExpandController( 3472): onExpansionChanged: progress =  0.0
08-15 17:59:12.111 D/IIslandMonitor( 3472): onIslandStatusChanged: rect = Rect(468, 30 - 812, 138) tx = 174 requestLayout = false  from = Notification container 
08-15 17:59:12.111 W/View    ( 3472): requestLayout() improperly called by com.android.systemui.statusbar.phone.NotificationIconContainer{936c1a V.E...... ......I. 0,0-116,94 #7f0b0877 app:id/notificationIcons} { overrideIconColor=false, maxIcons=1, isStaticLayout=true, themedTextColorPrimary=#ff171d1e } during layout: running second layout pass
08-15 17:59:12.111 D/NotificationHeaderExpandController( 3472): onExpansionChanged: progress =  0.0
08-15 17:59:12.112 D/IIslandMonitor( 3472): onIslandStatusChanged: rect = Rect(468, 30 - 812, 138) tx = 174 requestLayout = false  from = Notification container 
08-15 17:59:12.112 W/View    ( 3472): requestLayout() improperly called by com.android.systemui.statusbar.phone.NotificationIconContainer{b9d39f8 V.E...... ......ID 0,0-116,94 #7f0b0877 app:id/notificationIcons} { overrideIconColor=false, maxIcons=1, isStaticLayout=true, themedTextColorPrimary=#ff171d1e } during layout: running second layout pass
08-15 17:59:12.114 D/CollapsedStatusBarFragment( 3472): phone clockView new width = 180
08-15 17:59:12.114 D/CollapsedStatusBarFragment( 3472): phone clockView new width = 180
08-15 17:59:12.124 D/AlertCoordinator( 3472): onViewBound, buzzBeep for 0|com.github.kr328.clash|2131296572|null|10290
08-15 17:59:12.126 E/Java_Reflection( 2156): null
08-15 17:59:12.126 E/Java_Reflection( 2156): java.lang.reflect.InvocationTargetException
08-15 17:59:12.126 E/Java_Reflection( 2156): 	at java.lang.reflect.Method.invoke(Native Method)
08-15 17:59:12.126 E/Java_Reflection( 2156): 	at com.xiaomi.reflect.RefMethod.invoke(RefMethod.java:78)
08-15 17:59:12.126 E/Java_Reflection( 2156): 	at com.android.server.notification.NotificationManagerServiceImpl.buzzBeepBlinkForNotification(NotificationManagerServiceImpl.java:258)
08-15 17:59:12.126 E/Java_Reflection( 2156): 	at com.android.server.notification.NotificationManagerService$12.buzzBeepBlinkForNotification(NotificationManagerService.java:7498)
08-15 17:59:12.126 E/Java_Reflection( 2156): 	at android.app.INotificationManager$Stub.onTransact(INotificationManager.java:3342)
08-15 17:59:12.126 E/Java_Reflection( 2156): 	at android.os.Binder.execTransactInternal(Binder.java:1433)
08-15 17:59:12.126 E/Java_Reflection( 2156): 	at android.os.Binder.execTransact(Binder.java:1372)
08-15 17:59:12.126 E/Java_Reflection( 2156): Caused by: java.lang.SecurityException: Disallowed call for uid 10210
08-15 17:59:12.126 E/Java_Reflection( 2156): 	at com.android.server.notification.NotificationManagerService.checkCallerIsSystem(NotificationManagerService.java:12267)
08-15 17:59:12.126 E/Java_Reflection( 2156): 	... 7 more
08-15 17:59:12.127 I/MiSensorServiceImpl( 2156): user found in check list, getPackageName  android.view.OrientationEventListener
08-15 17:59:12.129 E/HfLooper( 1284): sensor screen_down in hal data=1,1
08-15 17:59:12.146 I/BufferQueueProducer( 1409): [StatusBar1#126](this:0xb4000077dc4d88f0,id:-1,api:0,p:-1,c:1409) queueBuffer: fps=50.34 dur=1013.08 max=589.77 min=7.65
08-15 17:59:12.146 I/BufferQueueProducer( 1409): [StatusBar#122](this:0xb4000077dc4c7790,id:-1,api:0,p:-1,c:1409) queueBuffer: fps=4.93 dur=1013.17 max=581.33 min=7.88
08-15 17:59:12.148 I/MiSensorServiceImpl( 2156): user found in check list, getPackageName  android.view.OrientationEventListener
08-15 17:59:12.149 I/android.hardware.graphics.composer@3.3-service( 1269): Sensor: notify citsensorservice to trigger cwb
08-15 17:59:12.151 I/libsensor-frameBufferManager( 1778): request dump start
08-15 17:59:12.151 D/libcomposer_ext( 1778): ClientImplAidl::getDispDumpEnable()
08-15 17:59:12.151 D/libcomposer_ext( 1269): DeviceImplAidl::syncPerform(13), client_handle: 2
08-15 17:59:12.151 D/libcomposer_ext( 1269): DeviceImplAidl::DeviceClientContextAidl::ParseGetDispDumpEnable()
08-15 17:59:12.151 I/hwcomposer( 1269): [HWC] getDispDumpEnable(), client(2), dpy 1, enable 1, (0,0,160,220), (160, 220), 3  
08-15 17:59:12.151 I/hwcomposer( 1269): [DRMDEV] isSupportWbParams(), id_crtc 116, id_connector 34, dump_point 0, src(0, 0, 160, 220), dst(160, 220), config 2  
08-15 17:59:12.151 I/hwcomposer( 1269): [DISP_DUMP] setEnable(), client(2), dpy(0), enable 1/0, src(0, 0, 160, 220), dst(160, 220), fmt 0x3  
08-15 17:59:12.151 I/hwcomposer( 1269): [HWC] getDispDumpEnable(), register to client callback with client(2), disp(0)  
08-15 17:59:12.152 E/libsensor-frameBufferManager( 1778): frameBufferManager_sensor_debug : first_time getDispDump Enable ret = 0
08-15 17:59:12.152 D/libcomposer_ext( 1778): ClientImplAidl::getDispDump(), dpy 1, dst (160, 220), dump_point 2, release_fence -1
08-15 17:59:12.152 D/libcomposer_ext( 1269): DeviceImplAidl::syncPerform(14), client_handle: 2
08-15 17:59:12.152 D/libcomposer_ext( 1269): DeviceImplAidl::DeviceClientContextAidl::ParseGetDispDump()
08-15 17:59:12.152 D/libcomposer_ext( 1269): DeviceImplAidl::ParseGetDispDump(), dpy 1, dst (160, 220), dump_point 2
08-15 17:59:12.152 I/hwcomposer( 1269): [HWC] getDispDump(), client(2), dpy 1, (686,2,846,222), (160, 220), (2, 2), (-1), (-1), (0xb400007c738aa710)  
08-15 17:59:12.152 I/hwcomposer( 1269): [DRMDEV] isSupportWbParams(), id_crtc 116, id_connector 34, dump_point 2, src(686, 2, 160, 220), dst(160, 220), config 2  
08-15 17:59:12.152 I/hwcomposer( 1269): [DISP_DUMP] setDumpBuf(), client(2), dpy(0), src(686, 2, 846, 222), dst(160, 220), (2, 2), -1, (-1), (0xb400007c738aa710)  
08-15 17:59:12.152 I/hwcomposer( 1269): [HWC] (0)fire a callback of refresh to SF[9]  
08-15 17:59:12.157 E/HwcComposer( 1409): presentOrValidateDisplay 0 presentFence:-1
08-15 17:59:12.158 D/libcomposer_ext( 1269): DeviceImplAidl::DeviceClientContextAidl::NotifyDispDumpReady(), client_handle:2, buffer:0xb400007c738abd90, fence:171, period8333333
08-15 17:59:12.159 D/libcomposer_ext( 1778): ClientCallbackAidl::asyncPerform(15)
08-15 17:59:12.159 D/libcomposer_ext( 1778): ClientImplAidl::ParseNotifyDispDumpReady()
08-15 17:59:12.168 E/HfLooper( 1284): sensor screen_down in hal data=1,1
08-15 17:59:12.168 I/MiSensorServiceImpl( 2156): user found in check list, getPackageName  android.view.OrientationEventListener
08-15 17:59:12.173 D/libcomposer_ext( 1778): ClientImplAidl::getDispDumpEnable()
08-15 17:59:12.173 D/libcomposer_ext( 1269): DeviceImplAidl::syncPerform(13), client_handle: 2
08-15 17:59:12.173 D/libcomposer_ext( 1269): DeviceImplAidl::DeviceClientContextAidl::ParseGetDispDumpEnable()
08-15 17:59:12.173 I/hwcomposer( 1269): [HWC] getDispDumpEnable(), client(2), dpy 1, enable 0, (0,0,160,220), (160, 220), 3  
08-15 17:59:12.173 I/hwcomposer( 1269): [DISP_DUMP] setEnable(), client(2), dpy(0), enable 0/1, src(0, 0, 160, 220), dst(160, 220), fmt 0x3  
08-15 17:59:12.173 I/hwcomposer( 1269): [HWC] getDispDumpEnable(), register to client callback with client(2), disp(0)  
08-15 17:59:12.174 E/libsensor-frameBufferManager( 1778): frameBufferManager_sensor_debug : getDispDump_Disable ret = 0
08-15 17:59:12.174 E/libsensor-parseRGB( 1778): x := 686, y = 2, width = 160, height = 220, Bpp = 3
08-15 17:59:12.175 D/libsensor-parseRGB( 1778): the value of RGB [14.078294 14.592603 17.675940], powPara: 1.435810
08-15 17:59:12.176 I/AonHalDevice( 4673):  AonTimeoutHandle curTimestamp:1786787952176
08-15 17:59:12.176 I/AonHalDevice( 4673): typeTimeout_map.get(entry.getKey(): 1786787952668 curTimestamp1786787952176
08-15 17:59:12.188 I/MiSensorServiceImpl( 2156): user found in check list, getPackageName  android.view.OrientationEventListener
08-15 17:59:12.197 I/adbd    ( 5147): in ShellService: export ANDROID_LOG_TAGS=''; exec logcat '-d' '-v' 'time' '-t' '500'
08-15 17:59:12.207 I/MiSensorServiceImpl( 2156): user found in check list, getPackageName  android.view.OrientationEventListener
08-15 17:59:12.209 E/HfLooper( 1284): sensor screen_down in hal data=1,1
08-15 17:59:12.227 I/MiSensorServiceImpl( 2156): user found in check list, getPackageName  android.view.OrientationEventListener
