--------- beginning of main
08-15 17:59:36.635 D/MAGT_SYNC_FRAME( 2156): MAGT App State [NOTIFY]: package = com.mipay.wallet, action = com.mipay.wallet._211658588, pid = 15661, state = 1, uid = 10279
08-15 17:59:36.635 I/vendor.mediatek.hardware.mtkpower_applist-service.mediatek( 1300): packName: com.mipay.wallet actName: com.mipay.wallet._211658588 pid: 15661 activityId: -1 uid: 10279 state: 1
08-15 17:59:36.636 I/MTK_APPList( 1300): [notifyAPPstate] com.mipay.wallet/com.mipay.wallet._211658588, pid=15661, activityId=-1, uid=10279, mode:Normal state:RESUMED, fps:-1, win:1
08-15 17:59:36.636 I/MTK_APPList( 1300): [notifyAPPstate] multi_resumed_app_count: 4
08-15 17:59:36.636 I/MTK_APPList( 1300): [notifyAPPstate] multi_resumed_app_info[0] com.mipay.wallet/com.mipay.wallet._266351371, pid:15661, activityId:-1, fps:-1, isMultiWindow:0
08-15 17:59:36.636 I/MTK_APPList( 1300): [notifyAPPstate] multi_resumed_app_info[1] com.mipay.wallet/com.mipay.wallet._21255644, pid:15661, activityId:-1, fps:-1, isMultiWindow:1
08-15 17:59:36.636 I/MTK_APPList( 1300): [notifyAPPstate] multi_resumed_app_info[2] com.lladlam.melox.android/com.lladlam.melox.MainActivity, pid:8603, activityId:109842858, fps:-1, isMultiWindow:0
08-15 17:59:36.636 I/MTK_APPList( 1300): [notifyAPPstate] multi_resumed_app_info[3] com.mipay.wallet/com.mipay.wallet._211658588, pid:15661, activityId:-1, fps:-1, isMultiWindow:1
08-15 17:59:36.636 I/MTK_APPList( 1300): [getForegroundAPPCount] 2
08-15 17:59:36.636 I/MTK_APPList( 1300): [notifyAPPstate] foreground:com.mipay.wallet, pid:15661, activityId:-1, uid:10279
08-15 17:59:36.636 I/MTK_APPList( 1300): [notifyNetdUID] 10279
08-15 17:59:36.637 I/MTK_APPList( 1300): [notifyPID] 15661
08-15 17:59:36.637 D/BufferQueueConsumer(15661): [](id:3d2d00000002,api:0,p:-1,c:15661) connect: controlledByApp=false
08-15 17:59:36.637 I/PowerHalWrapper( 2156): amsBoostNotify AMS_BOOST_PROCESS_CREATE_BOOST:true 
08-15 17:59:36.638 D/BLASTBufferQueue(15661): [VRI[]#2](f:0,a:0) constructor()
08-15 17:59:36.638 I/libPowerHal( 1310): [perfSetSysInfo] pid type:24, 15661
--------- beginning of system
08-15 17:59:36.638 D/PackageManager( 2156): set app component=ComponentInfo{com.mipay.wallet/androidx.work.impl.background.systemalarm.RescheduleReceiver} enabled state: 1 from com.mipay.wallet,uid=10279,pid=15661
08-15 17:59:36.641 D/VRI[]   (15661): vri.Setup new sync=wmsSync-VRI[]#30
08-15 17:59:36.642 I/MTK_APPList( 1300): [notifyAPPstate] pc:0, com.lladlam.melox.android => com.mipay.wallet
08-15 17:59:36.644 D/BLASTBufferQueue(15661): [VRI[]#2](f:0,a:1) acquireNextBufferLocked size=1x1 mFrameNumber=1 applyTransaction=true mTimestamp=56430007599516(auto) mPendingTransactions.size=0 graphicBufferId=67263482822678 transform=0
08-15 17:59:36.644 D/VRI[]   (15661): vri.reportDrawFinished 0 0 Rect(1279, 2771 - 1280, 2772)
08-15 17:59:36.645 D/HWUI    (15661): [HWUI] Flag vulkan_enhance_pipeline_cache enabled
08-15 17:59:36.645 D/HWUI    (15661): [HWUI] EnhanceVkPipelineCache is enabled
08-15 17:59:36.645 D/HWUI    (15661): [HWUI] Flag ddre enabled
08-15 17:59:36.645 D/WindowManager( 2156): wms.finishDrawingLocked: mDrawState=COMMIT_DRAW_PENDING Window{5467a65 u0 com.mipay.wallet} in Surface(name=#18013)/@0x6e3c6d5
08-15 17:59:36.645 D/DisplayContentStubImpl( 2156): onNewImeFrame: isImeVisible = false, imeFrame = Rect(0, 0 - 0, 0)
08-15 17:59:36.645 D/BarFollowAnimation( 2156): pairAppearanceRegionAndWin win=Window{35f1a44 u0 com.lladlam.melox.android/com.lladlam.melox.MainActivity} 8
08-15 17:59:36.646 D/BarFollowAnimation( 2156): isAppTaskBarOnTop win:Window{35f1a44 u0 com.lladlam.melox.android/com.lladlam.melox.MainActivity} (mCurrentTopTask:Task{6abc068 #6512 type=standard A=10316:com.lladlam.melox.android} : true); (mAssociatedTask:Task{6abc068 #6512 type=standard A=10316:com.lladlam.melox.android} : true); (mHomeTask:Task{51db45c #1 type=home} : false); mReparentToOriginParent:false mLastAppBarVisible:true mLastHomeBarVisible:false
08-15 17:59:36.646 D/MiuiRefreshRatePolicy( 2156): reset
08-15 17:59:36.646 D/WindowManager( 2156): wms.commitFinishDrawingLocked: mDrawState=READY_TO_SHOW Window{5467a65 u0 com.mipay.wallet} in Surface(name=#18013)/@0x6e3c6d5
08-15 17:59:36.646 I/MiSensorServiceImpl( 2156): user found in check list, getPackageName  android.view.OrientationEventListener
08-15 17:59:36.653 E/PowerInsightPolicy( 2156): sPowerInsightService null!
08-15 17:59:36.653 I/WindowManager( 2156): wms.showSurfaceRobustly mWin:Window{5467a65 u0 com.mipay.wallet} in Surface(name=#18013)/@0x6e3c6d5
08-15 17:59:36.653 D/SmartWindowScenario( 2156): ENTER_FLOAT_WINDOW type:APPLICATION_OVERLAY uid:10279 pid:15661 processName:com.mipay.wallet pkgName:com.mipay.wallet refCount:1
08-15 17:59:36.653 D/IorapForwardingService( 2156): onScenarioChanged SMART_WINDOWS 9  true  Bundle[{pid=15661, uid=10279, mode=20, type=2038, pkg_name=com.mipay.wallet, process_name=com.mipay.wallet}]
08-15 17:59:36.655 I/fitness_6737_14163( 6737): [IncrementalSyncController] pushFitnessData(resting_heart_rate)(medical-false): hasPhoneData=false, hasDeviceData=false, hasDeleteData=false
08-15 17:59:36.658 I/system_server( 2156): AssetManager2(0xb4000074be055558) locale list changing from [] to [zh-CN]
08-15 17:59:36.660 E/libsensor-displayalgo( 1778): Write:the value of channelCali ALS:448.2,IR:37.0,scales:0.803213, hsv: -1.000000
08-15 17:59:36.660 E/libsensor-displayalgo( 1778): Write:the value of channelCali ALS:6419.8,IR:3966.0,scales:0.803213, coef: 0.469000 0.995423 0.000000 84.785360 1.124000 -0.511000 56.192000 409.113177
08-15 17:59:36.660 D/libsensor-displayalgo( 1778): brightness:829.000000,flat_mode:0.000000,R1:44.328022,G1:46.718275,B1:61.622774,R2:831.864568,G2:836.356290,B2:831.908365,R3:409.183861,G3:411.471576,B3:409.113177,R4:113.093885,G4:114.333942,B4:119.077236,EVENT ALS:6868.000000,IR:4003.000000, lux: 36.595741 
08-15 17:59:36.661 I/Zygote  ( 1248): Process 13808 exited due to signal 9 (Killed)
08-15 17:59:36.663 I/libprocessgroup( 2156): Removed cgroup /sys/fs/cgroup/apps/uid_10121/pid_13808
08-15 17:59:36.663 E/NotificationVibratorHelper( 2156): Error creating vibration waveform with pattern: [0]
08-15 17:59:36.663 E/NotificationVibratorHelper( 2156): Error creating vibration waveform with pattern: [0]
08-15 17:59:36.663 E/NotificationVibratorHelper( 2156): Error creating vibration waveform with pattern: [0]
08-15 17:59:36.663 E/NotificationVibratorHelper( 2156): Error creating vibration waveform with pattern: [0]
08-15 17:59:36.663 E/HwcComposer( 1409): presentOrValidateDisplay 0 presentFence:-1
08-15 17:59:36.664 I/mtkpower_client( 2156): [PowerHal_Wrap_notifyAppState] com.xiaomi.aicr/com.xiaomi.aicr pid=13808 activityId:13808 state:3
08-15 17:59:36.665 D/MAGT_SYNC_FRAME( 2156): MAGT App State [NOTIFY]: package = com.xiaomi.aicr, action = com.xiaomi.aicr, pid = 13808, state = 3, uid = 10121
08-15 17:59:36.665 I/vendor.mediatek.hardware.mtkpower_applist-service.mediatek( 1300): packName: com.xiaomi.aicr actName: com.xiaomi.aicr pid: 13808 activityId: 13808 uid: 10121 state: 3
08-15 17:59:36.665 I/MTK_APPList( 1300): [notifyAPPstate] com.xiaomi.aicr/com.xiaomi.aicr, pid=13808, activityId=13808, uid=10121, mode:Normal state:DEAD, fps:-1, win:1
08-15 17:59:36.665 I/MTK_APPList( 1300): [notifyAPPstate] multi_resumed_app_count: 4
08-15 17:59:36.665 I/MTK_APPList( 1300): [notifyAPPstate] multi_resumed_app_info[0] com.mipay.wallet/com.mipay.wallet._266351371, pid:15661, activityId:-1, fps:-1, isMultiWindow:0
08-15 17:59:36.665 I/MTK_APPList( 1300): [notifyAPPstate] multi_resumed_app_info[1] com.mipay.wallet/com.mipay.wallet._21255644, pid:15661, activityId:-1, fps:-1, isMultiWindow:1
08-15 17:59:36.665 I/MTK_APPList( 1300): [notifyAPPstate] multi_resumed_app_info[2] com.lladlam.melox.android/com.lladlam.melox.MainActivity, pid:8603, activityId:109842858, fps:-1, isMultiWindow:0
08-15 17:59:36.665 I/MTK_APPList( 1300): [notifyAPPstate] multi_resumed_app_info[3] com.mipay.wallet/com.mipay.wallet._211658588, pid:15661, activityId:-1, fps:-1, isMultiWindow:1
08-15 17:59:36.665 I/MTK_APPList( 1300): [getForegroundAPPCount] 2
08-15 17:59:36.665 I/MTK_APPList( 1300): [notifyAPPstate] pack:com.xiaomi.aicr, pid:13808, STATE_DEAD
08-15 17:59:36.665 I/MTK_APPList( 1300): [notifyNetdUID] 10279
08-15 17:59:36.665 W/AppContinuityRouterStub( 2156): mNotificationPolicyService is null.
08-15 17:59:36.666 E/ProcessManager( 2156): error write exception log
08-15 17:59:36.666 I/MTK_APPList( 1300): [notifyPID] 15661
08-15 17:59:36.666 E/NotificationVibratorHelper( 2156): Error creating vibration waveform with pattern: [0]
08-15 17:59:36.666 E/NotificationVibratorHelper( 2156): Error creating vibration waveform with pattern: [0]
08-15 17:59:36.666 D/MyLog   ( 6626): -->log(1): [Tid:782] [KeepAliveManager] -->onProcessDied(), pid=13808, uid=10121
08-15 17:59:36.666 E/HfLooper( 1284): sensor screen_down in hal data=1,1
08-15 17:59:36.666 I/MiSensorServiceImpl( 2156): user found in check list, getPackageName  android.view.OrientationEventListener
08-15 17:59:36.667 I/libPowerHal( 1310): [perfSetSysInfo] pid type:24, 15661
08-15 17:59:36.668 D/HWUI    ( 2156): ImageDecoder_nDecodeBitmap: width = 351, height = 351, encodedFormat = 4
08-15 17:59:36.673 D/vendor.xiaomi.hardware.mimd2-service( 1231): psi 10  is reloaded.
08-15 17:59:36.678 W/HWUI    ( 2156): Image decoding logging dropped!
08-15 17:59:36.686 I/MiSensorServiceImpl( 2156): user found in check list, getPackageName  android.view.OrientationEventListener
08-15 17:59:36.706 I/MiSensorServiceImpl( 2156): user found in check list, getPackageName  android.view.OrientationEventListener
08-15 17:59:36.707 I/fitness_6737_14163( 6737): [IncrementalSyncController] pushFitnessData(single_heart_rate)(medical-false): hasPhoneData=false, hasDeviceData=false, hasDeleteData=false
08-15 17:59:36.708 E/HfLooper( 1284): sensor screen_down in hal data=1,1
08-15 17:59:36.717 I/libPerfCtl( 1300): xgfGetFPS pid:1409 fps:-1
08-15 17:59:36.717 I/libPerfCtl( 1300): xgfGetFPS pid:3472 fps:-1
08-15 17:59:36.717 I/libPerfCtl( 1300): xgfGetFPS pid:8603 fps:-1
08-15 17:59:36.717 I/libPerfCtl( 1300): xgfGetFPS pid:15661 fps:-1
08-15 17:59:36.726 I/MiSensorServiceImpl( 2156): user found in check list, getPackageName  android.view.OrientationEventListener
08-15 17:59:36.732 D/JavaheapMonitor(19007): Java heap used=85M max=512M, proc: com.miui.voiceassist
08-15 17:59:36.733 V/JavaheapMonitor(19007): Check java heap usage finished! Next check delay: 300000
08-15 17:59:36.741 D/JavaheapMonitor(15661): Java heap used=5M max=512M, proc: com.mipay.wallet
08-15 17:59:36.741 V/JavaheapMonitor(15661): Check java heap usage finished! Next check delay: 300000
08-15 17:59:36.746 E/HfLooper( 1284): sensor type is 4 action is 2 data is 1434.000000 -583.000000 -3774.000000
08-15 17:59:36.746 W/AString ( 1284): ctor got NULL, using empty string instead
08-15 17:59:36.747 E/HfLooper( 1284): sensor screen_down in hal data=1,1
08-15 17:59:36.747 I/MiSensorServiceImpl( 2156): user found in check list, getPackageName  android.view.OrientationEventListener
08-15 17:59:36.747 I/SensorSavedChannel( 1284): [1434,-583,-3774]==>gyro_bias.json
08-15 17:59:36.759 I/fitness_6737_14163( 6737): [IncrementalSyncController] pushFitnessData(abnormal_heart_rate)(medical-false): hasPhoneData=false, hasDeviceData=false, hasDeleteData=false
08-15 17:59:36.766 I/MiSensorServiceImpl( 2156): user found in check list, getPackageName  android.view.OrientationEventListener
08-15 17:59:36.766 W/SensorService( 2156): Dropping 1 cached events (4500/4500) to save 1/1 new events. 100 events previously dropped
08-15 17:59:36.786 E/HfLooper( 1284): sensor screen_down in hal data=1,1
08-15 17:59:36.786 I/MiSensorServiceImpl( 2156): user found in check list, getPackageName  android.view.OrientationEventListener
08-15 17:59:36.807 I/MiSensorServiceImpl( 2156): user found in check list, getPackageName  android.view.OrientationEventListener
08-15 17:59:36.809 I/fitness_6737_14163( 6737): [IncrementalSyncController] pushFitnessData(abnormal_heart_beat)(medical-false): hasPhoneData=false, hasDeviceData=false, hasDeleteData=false
08-15 17:59:36.815 I/android.hardware.graphics.composer@3.3-service( 1269): Sensor: notify citsensorservice to trigger cwb
08-15 17:59:36.816 I/libsensor-frameBufferManager( 1778): request dump start
08-15 17:59:36.816 D/libcomposer_ext( 1778): ClientImplAidl::getDispDumpEnable()
08-15 17:59:36.816 D/libcomposer_ext( 1269): DeviceImplAidl::syncPerform(13), client_handle: 2
08-15 17:59:36.816 D/libcomposer_ext( 1269): DeviceImplAidl::DeviceClientContextAidl::ParseGetDispDumpEnable()
08-15 17:59:36.816 I/hwcomposer( 1269): [HWC] getDispDumpEnable(), client(2), dpy 1, enable 1, (0,0,160,220), (160, 220), 3  
08-15 17:59:36.816 I/hwcomposer( 1269): [DRMDEV] isSupportWbParams(), id_crtc 116, id_connector 34, dump_point 0, src(0, 0, 160, 220), dst(160, 220), config 2  
08-15 17:59:36.816 I/hwcomposer( 1269): [DISP_DUMP] setEnable(), client(2), dpy(0), enable 1/0, src(0, 0, 160, 220), dst(160, 220), fmt 0x3  
08-15 17:59:36.816 I/hwcomposer( 1269): [HWC] getDispDumpEnable(), register to client callback with client(2), disp(0)  
08-15 17:59:36.817 E/libsensor-frameBufferManager( 1778): frameBufferManager_sensor_debug : first_time getDispDump Enable ret = 0
08-15 17:59:36.817 D/libcomposer_ext( 1778): ClientImplAidl::getDispDump(), dpy 1, dst (160, 220), dump_point 2, release_fence -1
08-15 17:59:36.817 D/libcomposer_ext( 1269): DeviceImplAidl::syncPerform(14), client_handle: 2
08-15 17:59:36.817 D/libcomposer_ext( 1269): DeviceImplAidl::DeviceClientContextAidl::ParseGetDispDump()
08-15 17:59:36.817 D/libcomposer_ext( 1269): DeviceImplAidl::ParseGetDispDump(), dpy 1, dst (160, 220), dump_point 2
08-15 17:59:36.817 I/hwcomposer( 1269): [HWC] getDispDump(), client(2), dpy 1, (686,2,846,222), (160, 220), (2, 2), (-1), (-1), (0xb400007c738aa710)  
08-15 17:59:36.817 I/hwcomposer( 1269): [DRMDEV] isSupportWbParams(), id_crtc 116, id_connector 34, dump_point 2, src(686, 2, 160, 220), dst(160, 220), config 2  
08-15 17:59:36.817 I/hwcomposer( 1269): [DISP_DUMP] setDumpBuf(), client(2), dpy(0), src(686, 2, 846, 222), dst(160, 220), (2, 2), -1, (-1), (0xb400007c738aa710)  
08-15 17:59:36.817 I/hwcomposer( 1269): [HWC] (0)fire a callback of refresh to SF[9]  
08-15 17:59:36.821 E/HwcComposer( 1409): presentOrValidateDisplay 0 presentFence:-1
08-15 17:59:36.822 I/hwcomposer( 1269): [HWCDisplay] (0 updateFps():3751), (type:1, mode:2) fps:16.678379,dur:1139.20,max:326.14,min:6.57  
08-15 17:59:36.822 D/libcomposer_ext( 1269): DeviceImplAidl::DeviceClientContextAidl::NotifyDispDumpReady(), client_handle:2, buffer:0xb400007c738abd90, fence:171, period8333333
08-15 17:59:36.823 D/libcomposer_ext( 1778): ClientCallbackAidl::asyncPerform(15)
08-15 17:59:36.823 D/libcomposer_ext( 1778): ClientImplAidl::ParseNotifyDispDumpReady()
08-15 17:59:36.823 I/android.hardware.graphics.composer@3.3-service( 1269): Sensor: notify citsensorservice to trigger cwb
08-15 17:59:36.823 I/libsensor-frameBufferManager( 1778): request dump start
08-15 17:59:36.823 D/libcomposer_ext( 1778): ClientImplAidl::getDispDumpEnable()
08-15 17:59:36.824 D/libcomposer_ext( 1269): DeviceImplAidl::syncPerform(13), client_handle: 2
08-15 17:59:36.824 D/libcomposer_ext( 1269): DeviceImplAidl::DeviceClientContextAidl::ParseGetDispDumpEnable()
08-15 17:59:36.824 I/hwcomposer( 1269): [HWC] getDispDumpEnable(), client(2), dpy 1, enable 1, (0,0,160,220), (160, 220), 3  
08-15 17:59:36.824 I/hwcomposer( 1269): [DRMDEV] isSupportWbParams(), id_crtc 116, id_connector 34, dump_point 0, src(0, 0, 160, 220), dst(160, 220), config 2  
08-15 17:59:36.824 I/hwcomposer( 1269): [DISP_DUMP] setEnable(), client(2), dpy(0), enable 1/1, src(0, 0, 160, 220), dst(160, 220), fmt 0x3  
08-15 17:59:36.824 I/hwcomposer( 1269): [HWC] getDispDumpEnable(), register to client callback with client(2), disp(0)  
08-15 17:59:36.824 E/libsensor-frameBufferManager( 1778): frameBufferManager_sensor_debug : first_time getDispDump Enable ret = 0
08-15 17:59:36.824 D/libcomposer_ext( 1778): ClientImplAidl::getDispDump(), dpy 1, dst (160, 220), dump_point 2, release_fence -1
08-15 17:59:36.824 D/libcomposer_ext( 1269): DeviceImplAidl::syncPerform(14), client_handle: 2
08-15 17:59:36.824 D/libcomposer_ext( 1269): DeviceImplAidl::DeviceClientContextAidl::ParseGetDispDump()
08-15 17:59:36.824 D/libcomposer_ext( 1269): DeviceImplAidl::ParseGetDispDump(), dpy 1, dst (160, 220), dump_point 2
08-15 17:59:36.824 I/hwcomposer( 1269): [HWC] getDispDump(), client(2), dpy 1, (686,2,846,222), (160, 220), (2, 2), (-1), (-1), (0xb400007c738ab7f0)  
08-15 17:59:36.824 I/hwcomposer( 1269): [DRMDEV] isSupportWbParams(), id_crtc 116, id_connector 34, dump_point 2, src(686, 2, 160, 220), dst(160, 220), config 2  
08-15 17:59:36.824 I/hwcomposer( 1269): [DISP_DUMP] setDumpBuf(), client(2), dpy(0), src(686, 2, 846, 222), dst(160, 220), (2, 2), -1, (-1), (0xb400007c738ab7f0)  
08-15 17:59:36.824 I/hwcomposer( 1269): [HWC] (0)fire a callback of refresh to SF[9]  
08-15 17:59:36.826 I/MiSensorServiceImpl( 2156): user found in check list, getPackageName  android.view.OrientationEventListener
08-15 17:59:36.827 E/HfLooper( 1284): sensor screen_down in hal data=1,1
08-15 17:59:36.829 E/HwcComposer( 1409): presentOrValidateDisplay 0 presentFence:-1
08-15 17:59:36.829 D/libcomposer_ext( 1269): DeviceImplAidl::DeviceClientContextAidl::NotifyDispDumpReady(), client_handle:2, buffer:0xb400007c738aa710, fence:172, period8333333
08-15 17:59:36.833 D/AurogonBandwidthController( 2156): skinTemperature:38.027
08-15 17:59:36.834 D/connsyslogger( 1620): SD_LOG_ROOT is /data/debuglogger/connsyslog/fw.
08-15 17:59:36.834 D/connsyslogger( 1620): systemReady:1
08-15 17:59:36.837 D/libcomposer_ext( 1778): ClientImplAidl::getDispDumpEnable()
08-15 17:59:36.838 D/libcomposer_ext( 1269): DeviceImplAidl::syncPerform(13), client_handle: 2
08-15 17:59:36.838 D/libcomposer_ext( 1269): DeviceImplAidl::DeviceClientContextAidl::ParseGetDispDumpEnable()
08-15 17:59:36.838 I/hwcomposer( 1269): [HWC] getDispDumpEnable(), client(2), dpy 1, enable 0, (0,0,160,220), (160, 220), 3  
08-15 17:59:36.838 I/hwcomposer( 1269): [DISP_DUMP] setEnable(), client(2), dpy(0), enable 0/1, src(0, 0, 160, 220), dst(160, 220), fmt 0x3  
08-15 17:59:36.838 I/hwcomposer( 1269): [HWC] getDispDumpEnable(), register to client callback with client(2), disp(0)  
08-15 17:59:36.838 E/libsensor-frameBufferManager( 1778): frameBufferManager_sensor_debug : getDispDump_Disable ret = 0
08-15 17:59:36.838 E/libsensor-parseRGB( 1778): x := 686, y = 2, width = 160, height = 220, Bpp = 3
08-15 17:59:36.839 D/libcomposer_ext( 1778): ClientCallbackAidl::asyncPerform(15)
08-15 17:59:36.839 D/libcomposer_ext( 1778): ClientImplAidl::ParseNotifyDispDumpReady()
08-15 17:59:36.840 D/libsensor-parseRGB( 1778): the value of RGB [14.023742 14.546192 17.640183], powPara: 1.435810
08-15 17:59:36.845 D/libcomposer_ext( 1778): ClientImplAidl::getDispDumpEnable()
08-15 17:59:36.846 D/libcomposer_ext( 1269): DeviceImplAidl::syncPerform(13), client_handle: 2
08-15 17:59:36.846 D/libcomposer_ext( 1269): DeviceImplAidl::DeviceClientContextAidl::ParseGetDispDumpEnable()
08-15 17:59:36.846 I/hwcomposer( 1269): [HWC] getDispDumpEnable(), client(2), dpy 1, enable 0, (0,0,160,220), (160, 220), 3  
08-15 17:59:36.846 I/hwcomposer( 1269): [DISP_DUMP] setEnable(), client(2), dpy(0), enable 0/0, src(0, 0, 160, 220), dst(160, 220), fmt 0x3  
08-15 17:59:36.846 I/hwcomposer( 1269): [HWC] getDispDumpEnable(), register to client callback with client(2), disp(0)  
08-15 17:59:36.846 I/MiSensorServiceImpl( 2156): user found in check list, getPackageName  android.view.OrientationEventListener
08-15 17:59:36.846 E/libsensor-frameBufferManager( 1778): frameBufferManager_sensor_debug : getDispDump_Disable ret = 0
08-15 17:59:36.846 E/libsensor-parseRGB( 1778): x := 686, y = 2, width = 160, height = 220, Bpp = 3
08-15 17:59:36.847 D/libsensor-parseRGB( 1778): the value of RGB [14.023742 14.546192 17.640183], powPara: 1.435810
08-15 17:59:36.855 I/fitness_6737_14163( 6737): [IncrementalSyncController] pushFitnessData(high_heart_rate)(medical-false): hasPhoneData=false, hasDeviceData=false, hasDeleteData=false
08-15 17:59:36.858 E/libsensor-displayalgo( 1778): Write:the value of channelCali ALS:448.2,IR:37.0,scales:0.803213, hsv: -1.000000
08-15 17:59:36.859 E/libsensor-displayalgo( 1778): Write:the value of channelCali ALS:6424.8,IR:3970.0,scales:0.803213, coef: 0.469000 0.995423 0.000000 84.785360 1.124000 -0.511000 56.192000 409.113177
08-15 17:59:36.859 D/libsensor-displayalgo( 1778): brightness:829.000000,flat_mode:0.000000,R1:44.328022,G1:46.718275,B1:61.622774,R2:831.864568,G2:836.356290,B2:831.908365,R3:409.183861,G3:411.471576,B3:409.113177,R4:113.093885,G4:114.333942,B4:119.077236,EVENT ALS:6873.000000,IR:4007.000000, lux: 36.620960 
08-15 17:59:36.866 E/HfLooper( 1284): sensor screen_down in hal data=1,1
08-15 17:59:36.866 I/MiSensorServiceImpl( 2156): user found in check list, getPackageName  android.view.OrientationEventListener
08-15 17:59:36.887 I/MiSensorServiceImpl( 2156): user found in check list, getPackageName  android.view.OrientationEventListener
08-15 17:59:36.889 I/ActivityManager( 2156): unbindService com.android.server.am.ActiveServices@6f99b4a conn=android.os.BinderProxy@406cae7 callingPid=3490
08-15 17:59:36.893 I/ActivityManager( 2156): unbindService com.android.server.am.ActiveServices@6f99b4a conn=android.os.BinderProxy@5f5c073 callingPid=30639
08-15 17:59:36.895 I/system_server( 2156): AssetManager2(0xb4000074be03f758) locale list changing from [] to [zh-CN]
08-15 17:59:36.896 W/NotificationHistory( 2156): Attempted to add notif for locked/gone/disabled user 0
08-15 17:59:36.900 I/fitness_6737_14163( 6737): [IncrementalSyncController] pushFitnessData(low_heart_rate)(medical-false): hasPhoneData=false, hasDeviceData=false, hasDeleteData=false
08-15 17:59:36.906 I/MiSensorServiceImpl( 2156): user found in check list, getPackageName  android.view.OrientationEventListener
08-15 17:59:36.908 E/HfLooper( 1284): sensor screen_down in hal data=1,1
08-15 17:59:36.910 D/FocusPlugin( 3472): 0|android|0|com.android.server.wm.AlertWindowNotification - com.mipay.wallet|1000 is not focus notification, isMedia: false
08-15 17:59:36.911 D/AlarmScheduler-TIMEOUT( 3472): addAlarm, key=0|android|0|com.android.server.wm.AlertWindowNotification - com.mipay.wallet|1000, triggerTime=318458693
08-15 17:59:36.911 D/MiuiBubbleManager( 3472): onEntryAdded: com.android.systemui.statusbar.notification.collection.NotificationEntry@e4c9577
08-15 17:59:36.912 D/NotificationProvider( 3472): call method=updateNotificationUsageInfo extras=Bundle[{packageName=android}]
08-15 17:59:36.912 I/MiuiBubbleSettings( 3472): android 0isAppEnableBubbleNotification: false
08-15 17:59:36.913 I/NotifySyncService_6737_8961( 6737): MSG_NOTIFY_POSTED 
08-15 17:59:36.913 I/NotifySyncService_6737_8961( 6737): onNotificationPosted Id:0 key:0|android|0|com.android.server.wm.AlertWindowNotification - com.mipay.wallet|1000 PackageName:android IsOngoing:true PostTime:1786787976680 currentDeviceModel.connected: true
08-15 17:59:36.914 I/NotifySyncService_6737_8961( 6737): onNotificationPosted Id:0 , appName : Android 系统
08-15 17:59:36.914 I/NotifySyncService_6737_8961( 6737): isFlagNoClearNotification flag = 2306
08-15 17:59:36.914 I/NotifySyncService_6737_8961( 6737):  isOngoing = true isIncomingCall = false
08-15 17:59:36.915 I/NotifyLogUtils_6737_26663( 6737): isIgnoringBatteryOptimizations false
08-15 17:59:36.916 I/id.ext.services( 4929): AssetManager2(0xb4000074be0354d8) locale list changing from [] to [zh-CN]
08-15 17:59:36.926 I/MiSensorServiceImpl( 2156): user found in check list, getPackageName  android.view.OrientationEventListener
08-15 17:59:36.932 I/ExpandableNotificationRowInjector( 3472): normalNotificationBlur: 
08-15 17:59:36.934 D/backgroundBlur( 3472): setMiViewBlurMode com.android.systemui.statusbar.notification.row.NotificationBackgroundView mode = 1 hashcode 207010814
08-15 17:59:36.934 D/backgroundBlur( 3472): setMiViewBlurMode com.android.systemui.statusbar.notification.row.NotificationBackgroundView mode = 0 hashcode 207010814
08-15 17:59:36.934 D/backgroundBlur( 3472): enablePassWindowBlur VRI is null com.android.systemui.statusbar.notification.row.NotificationBackgroundView
08-15 17:59:36.935 D/HWUI    ( 3472): setMiShadow closed
08-15 17:59:36.935 D/EmptyNotif( 3472): setContractedChild:   null
08-15 17:59:36.935 D/NotificationRowContentBinderInjectorImpl( 3472): changeToFullAodContext: not need change full aod style
08-15 17:59:36.946 E/HfLooper( 1284): sensor screen_down in hal data=1,1
08-15 17:59:36.946 I/MiSensorServiceImpl( 2156): user found in check list, getPackageName  android.view.OrientationEventListener
08-15 17:59:36.948 I/fitness_6737_14163( 6737): [IncrementalSyncController] pushFitnessData(min_heart_rate)(medical-false): hasPhoneData=false, hasDeviceData=false, hasDeleteData=false
08-15 17:59:36.957 W/BitmapDrawable( 3472): BitmapDrawable created with null Bitmap
08-15 17:59:36.957 W/BitmapDrawable( 3472): BitmapDrawable created with null Bitmap
08-15 17:59:36.957 D/JavaheapMonitor(12666): Java heap used=10M max=256M, proc: com.xiaomi.joyose
08-15 17:59:36.957 V/JavaheapMonitor(12666): Check java heap usage finished! Next check delay: 300000
08-15 17:59:36.966 I/MiSensorServiceImpl( 2156): user found in check list, getPackageName  android.view.OrientationEventListener
08-15 17:59:36.972 W/BitmapDrawable( 3472): BitmapDrawable created with null Bitmap
08-15 17:59:36.972 W/BitmapDrawable( 3472): BitmapDrawable created with null Bitmap
08-15 17:59:36.973 D/EmptyNotif( 3472): setContractedChild:   android.widget.FrameLayout{7c933d1 V.E...... ......I. 0,0-0,0 #7f0b0b6a app:id/status_bar_latest_event_content}
08-15 17:59:36.974 I/ExpandableNotificationRowInjector( 3472): normalNotificationBlur: 
08-15 17:59:36.974 D/backgroundBlur( 3472): setMiViewBlurMode com.android.systemui.statusbar.notification.row.NotificationBackgroundView mode = 1 hashcode 207010814
08-15 17:59:36.974 D/backgroundBlur( 3472): setMiViewBlurMode com.android.systemui.statusbar.notification.row.NotificationBackgroundView mode = 0 hashcode 207010814
08-15 17:59:36.974 D/backgroundBlur( 3472): enablePassWindowBlur VRI is null com.android.systemui.statusbar.notification.row.NotificationBackgroundView
08-15 17:59:36.975 D/HWUI    ( 3472): setMiShadow closed
08-15 17:59:36.975 D/HWUI    ( 3472): setMiShadow parameter is same
08-15 17:59:36.975 D/AlertCoordinator( 3472): onViewBound, buzzBeep for 0|android|0|com.android.server.wm.AlertWindowNotification - com.mipay.wallet|1000
08-15 17:59:36.975 E/Java_Reflection( 2156): null
08-15 17:59:36.975 E/Java_Reflection( 2156): java.lang.reflect.InvocationTargetException
08-15 17:59:36.975 E/Java_Reflection( 2156): 	at java.lang.reflect.Method.invoke(Native Method)
08-15 17:59:36.975 E/Java_Reflection( 2156): 	at com.xiaomi.reflect.RefMethod.invoke(RefMethod.java:78)
08-15 17:59:36.975 E/Java_Reflection( 2156): 	at com.android.server.notification.NotificationManagerServiceImpl.buzzBeepBlinkForNotification(NotificationManagerServiceImpl.java:258)
08-15 17:59:36.975 E/Java_Reflection( 2156): 	at com.android.server.notification.NotificationManagerService$12.buzzBeepBlinkForNotification(NotificationManagerService.java:7498)
08-15 17:59:36.975 E/Java_Reflection( 2156): 	at android.app.INotificationManager$Stub.onTransact(INotificationManager.java:3342)
08-15 17:59:36.975 E/Java_Reflection( 2156): 	at android.os.Binder.execTransactInternal(Binder.java:1433)
08-15 17:59:36.975 E/Java_Reflection( 2156): 	at android.os.Binder.execTransact(Binder.java:1372)
08-15 17:59:36.975 E/Java_Reflection( 2156): Caused by: java.lang.SecurityException: Disallowed call for uid 10210
08-15 17:59:36.975 E/Java_Reflection( 2156): 	at com.android.server.notification.NotificationManagerService.checkCallerIsSystem(NotificationManagerService.java:12267)
08-15 17:59:36.975 E/Java_Reflection( 2156): 	... 7 more
08-15 17:59:36.986 E/HfLooper( 1284): sensor screen_down in hal data=1,1
08-15 17:59:36.986 I/MiSensorServiceImpl( 2156): user found in check list, getPackageName  android.view.OrientationEventListener
08-15 17:59:36.993 I/fitness_6737_14163( 6737): [IncrementalSyncController] pushFitnessData(max_heart_rate)(medical-false): hasPhoneData=false, hasDeviceData=false, hasDeleteData=false
08-15 17:59:37.006 I/MiSensorServiceImpl( 2156): user found in check list, getPackageName  android.view.OrientationEventListener
08-15 17:59:37.012 I/ActivityManager( 2156): unbindService com.android.server.am.ActiveServices@6f99b4a conn=android.os.BinderProxy@256e7b6 callingPid=4997
08-15 17:59:37.014 D/BoundBrokerSvc( 4997): onUnbind: Intent { act=com.google.android.gms.common.BIND_SHARED_PREFS xflg=0x4 pkg=com.google.android.gms }
08-15 17:59:37.017 I/Account_6737_14183( 6737): First request
08-15 17:59:37.017 I/XiaomiFit_6737_14183( 6737): Remote is connected, then get token
08-15 17:59:37.017 I/Account_6737_14183( 6737): getToken: mAccessTokens[miothealth] is MiAccessToken()
08-15 17:59:37.017 I/Account_6737_14183( 6737): refreshToken is false, re-fetch cookie for /app/v1/data/up_fitness_data
08-15 17:59:37.017 I/baronqi_6737_14183( 6737): intercept() called with: secret SecretData(encryptResponse=true, pathPrefix=, filterSignatureKeys=[data], sid=, loginPolicy=2)
08-15 17:59:37.017 I/XiaomiFit_6737_14183( 6737): Remote is connected, then get token
08-15 17:59:37.019 I/Account_6737_14183( 6737): getToken: mAccessTokens[miothealth] is MiAccessToken()
08-15 17:59:37.019 I/baronqi_6737_14183( 6737): intercept() called with: nonce LLKFK0ZSMO4BxmdX, POST
08-15 17:59:37.026 I/MiSensorServiceImpl( 2156): user found in check list, getPackageName  android.view.OrientationEventListener
08-15 17:59:37.027 E/HfLooper( 1284): sensor screen_down in hal data=1,1
08-15 17:59:37.030 D/NotificationIconContainerInject( 3472): remove: start remove notification animation
08-15 17:59:37.031 D/backgroundBlur( 3472): setSelfBlurRadius radius(3) com.android.systemui.statusbar.StatusBarIconView hashcode 222684674
08-15 17:59:37.031 D/backgroundBlur( 3472): setSelfColorModes has setted com.android.systemui.statusbar.StatusBarIconView hashcode 222684674
08-15 17:59:37.033 D/NotificationHeaderExpandController( 3472): onExpansionChanged: progress =  0.0
08-15 17:59:37.034 D/backgroundBlur( 3472): setSelfBlurRadius radius(30) com.android.systemui.statusbar.StatusBarIconView hashcode 208218531
08-15 17:59:37.034 D/backgroundBlur( 3472): setSelfColorModes has setted com.android.systemui.statusbar.StatusBarIconView hashcode 208218531
08-15 17:59:37.040 D/backgroundBlur( 3472): setSelfColorModes has setted com.android.systemui.statusbar.StatusBarIconView hashcode 222684674
08-15 17:59:37.046 I/android.hardware.graphics.composer@3.3-service( 1269): Sensor: notify citsensorservice to trigger cwb
08-15 17:59:37.047 I/MiSensorServiceImpl( 2156): user found in check list, getPackageName  android.view.OrientationEventListener
08-15 17:59:37.048 I/libsensor-frameBufferManager( 1778): request dump start
08-15 17:59:37.048 D/libcomposer_ext( 1778): ClientImplAidl::getDispDumpEnable()
08-15 17:59:37.048 D/libcomposer_ext( 1269): DeviceImplAidl::syncPerform(13), client_handle: 2
08-15 17:59:37.048 D/libcomposer_ext( 1269): DeviceImplAidl::DeviceClientContextAidl::ParseGetDispDumpEnable()
08-15 17:59:37.048 I/hwcomposer( 1269): [HWC] getDispDumpEnable(), client(2), dpy 1, enable 1, (0,0,160,220), (160, 220), 3  
08-15 17:59:37.048 D/backgroundBlur( 3472): setSelfColorModes has setted com.android.systemui.statusbar.StatusBarIconView hashcode 222684674
08-15 17:59:37.048 I/hwcomposer( 1269): [DRMDEV] isSupportWbParams(), id_crtc 116, id_connector 34, dump_point 0, src(0, 0, 160, 220), dst(160, 220), config 2  
08-15 17:59:37.048 I/hwcomposer( 1269): [DISP_DUMP] setEnable(), client(2), dpy(0), enable 1/0, src(0, 0, 160, 220), dst(160, 220), fmt 0x3  
08-15 17:59:37.048 I/hwcomposer( 1269): [HWC] getDispDumpEnable(), register to client callback with client(2), disp(0)  
08-15 17:59:37.049 E/libsensor-frameBufferManager( 1778): frameBufferManager_sensor_debug : first_time getDispDump Enable ret = 0
08-15 17:59:37.049 D/libcomposer_ext( 1778): ClientImplAidl::getDispDump(), dpy 1, dst (160, 220), dump_point 2, release_fence -1
08-15 17:59:37.049 D/libcomposer_ext( 1269): DeviceImplAidl::syncPerform(14), client_handle: 2
08-15 17:59:37.049 D/libcomposer_ext( 1269): DeviceImplAidl::DeviceClientContextAidl::ParseGetDispDump()
08-15 17:59:37.049 D/libcomposer_ext( 1269): DeviceImplAidl::ParseGetDispDump(), dpy 1, dst (160, 220), dump_point 2
08-15 17:59:37.049 I/hwcomposer( 1269): [HWC] getDispDump(), client(2), dpy 1, (686,2,846,222), (160, 220), (2, 2), (-1), (-1), (0xb400007c738abd90)  
08-15 17:59:37.049 I/hwcomposer( 1269): [DRMDEV] isSupportWbParams(), id_crtc 116, id_connector 34, dump_point 2, src(686, 2, 160, 220), dst(160, 220), config 2  
08-15 17:59:37.049 I/hwcomposer( 1269): [DISP_DUMP] setDumpBuf(), client(2), dpy(0), src(686, 2, 846, 222), dst(160, 220), (2, 2), -1, (-1), (0xb400007c738abd90)  
08-15 17:59:37.049 I/hwcomposer( 1269): [HWC] (0)fire a callback of refresh to SF[9]  
08-15 17:59:37.052 I/BufferQueueProducer( 1409): [StatusBar1#126](this:0xb4000077dc4d88f0,id:-1,api:0,p:-1,c:1409) queueBuffer: fps=17.76 dur=1519.98 max=531.29 min=7.93
08-15 17:59:37.054 E/HwcComposer( 1409): presentOrValidateDisplay 0 presentFence:-1
08-15 17:59:37.055 D/libcomposer_ext( 1269): DeviceImplAidl::DeviceClientContextAidl::NotifyDispDumpReady(), client_handle:2, buffer:0xb400007c738ab7f0, fence:175, period8333333
08-15 17:59:37.056 D/libcomposer_ext( 1778): ClientCallbackAidl::asyncPerform(15)
08-15 17:59:37.056 D/libcomposer_ext( 1778): ClientImplAidl::ParseNotifyDispDumpReady()
08-15 17:59:37.057 D/backgroundBlur( 3472): setSelfColorModes has setted com.android.systemui.statusbar.StatusBarIconView hashcode 222684674
08-15 17:59:37.066 D/backgroundBlur( 3472): setSelfColorModes has setted com.android.systemui.statusbar.StatusBarIconView hashcode 222684674
08-15 17:59:37.066 E/HfLooper( 1284): sensor screen_down in hal data=1,1
08-15 17:59:37.066 I/MiSensorServiceImpl( 2156): user found in check list, getPackageName  android.view.OrientationEventListener
08-15 17:59:37.070 D/libcomposer_ext( 1778): ClientImplAidl::getDispDumpEnable()
08-15 17:59:37.070 D/libcomposer_ext( 1269): DeviceImplAidl::syncPerform(13), client_handle: 2
08-15 17:59:37.070 D/libcomposer_ext( 1269): DeviceImplAidl::DeviceClientContextAidl::ParseGetDispDumpEnable()
08-15 17:59:37.070 I/hwcomposer( 1269): [HWC] getDispDumpEnable(), client(2), dpy 1, enable 0, (0,0,160,220), (160, 220), 3  
08-15 17:59:37.070 I/hwcomposer( 1269): [DISP_DUMP] setEnable(), client(2), dpy(0), enable 0/1, src(0, 0, 160, 220), dst(160, 220), fmt 0x3  
08-15 17:59:37.070 I/hwcomposer( 1269): [HWC] getDispDumpEnable(), register to client callback with client(2), disp(0)  
08-15 17:59:37.070 E/libsensor-frameBufferManager( 1778): frameBufferManager_sensor_debug : getDispDump_Disable ret = 0
08-15 17:59:37.070 E/libsensor-parseRGB( 1778): x := 686, y = 2, width = 160, height = 220, Bpp = 3
08-15 17:59:37.071 D/libsensor-parseRGB( 1778): the value of RGB [14.023742 14.546192 17.640183], powPara: 1.435810
08-15 17:59:37.073 D/backgroundBlur( 3472): setSelfColorModes has setted com.android.systemui.statusbar.StatusBarIconView hashcode 222684674
08-15 17:59:37.073 D/backgroundBlur( 3472): setSelfColorModes has setted com.android.systemui.statusbar.StatusBarIconView hashcode 208218531
08-15 17:59:37.082 D/backgroundBlur( 3472): setSelfColorModes has setted com.android.systemui.statusbar.StatusBarIconView hashcode 222684674
08-15 17:59:37.082 D/backgroundBlur( 3472): setSelfColorModes has setted com.android.systemui.statusbar.StatusBarIconView hashcode 208218531
08-15 17:59:37.086 I/MiSensorServiceImpl( 2156): user found in check list, getPackageName  android.view.OrientationEventListener
08-15 17:59:37.090 D/backgroundBlur( 3472): setSelfColorModes has setted com.android.systemui.statusbar.StatusBarIconView hashcode 222684674
08-15 17:59:37.090 D/backgroundBlur( 3472): setSelfColorModes has setted com.android.systemui.statusbar.StatusBarIconView hashcode 208218531
08-15 17:59:37.098 D/backgroundBlur( 3472): setSelfColorModes has setted com.android.systemui.statusbar.StatusBarIconView hashcode 222684674
08-15 17:59:37.098 D/backgroundBlur( 3472): setSelfColorModes has setted com.android.systemui.statusbar.StatusBarIconView hashcode 208218531
08-15 17:59:37.106 I/MiSensorServiceImpl( 2156): user found in check list, getPackageName  android.view.OrientationEventListener
08-15 17:59:37.107 D/backgroundBlur( 3472): setSelfColorModes has setted com.android.systemui.statusbar.StatusBarIconView hashcode 222684674
08-15 17:59:37.107 D/backgroundBlur( 3472): setSelfColorModes has setted com.android.systemui.statusbar.StatusBarIconView hashcode 208218531
08-15 17:59:37.107 E/HfLooper( 1284): sensor screen_down in hal data=1,1
08-15 17:59:37.115 D/backgroundBlur( 3472): setSelfColorModes has setted com.android.systemui.statusbar.StatusBarIconView hashcode 222684674
08-15 17:59:37.115 D/backgroundBlur( 3472): setSelfColorModes has setted com.android.systemui.statusbar.StatusBarIconView hashcode 208218531
08-15 17:59:37.116 I/Account_6737_14183( 6737): onHttpResponseBefore begin
08-15 17:59:37.116 I/Account_6737_14183( 6737): onHttpResponseBefore  reset count
08-15 17:59:37.117 I/fitness_6737_14163( 6737): [IncrementalSyncController] pushDeviceFitnessData(result=true): steps(medical-false), size=1
08-15 17:59:37.119 E/HwcComposer( 1409): presentOrValidateDisplay 0 presentFence:-1
08-15 17:59:37.123 D/backgroundBlur( 3472): setSelfColorModes has setted com.android.systemui.statusbar.StatusBarIconView hashcode 222684674
08-15 17:59:37.123 D/backgroundBlur( 3472): setSelfColorModes has setted com.android.systemui.statusbar.StatusBarIconView hashcode 208218531
08-15 17:59:37.125 D/FocusPlugin( 3472): 0|com.github.kr328.clash|2131296572|null|10290 is not focus notification, isMedia: false
08-15 17:59:37.126 I/MiSensorServiceImpl( 2156): user found in check list, getPackageName  android.view.OrientationEventListener
08-15 17:59:37.127 I/NotifySyncService_6737_8961( 6737): MSG_NOTIFY_POSTED 
08-15 17:59:37.128 D/AlarmScheduler-fold( 3472): addAlarm, key=0|com.github.kr328.clash|2131296572|null|10290, triggerTime=80858909
08-15 17:59:37.128 I/NotifySyncService_6737_8961( 6737): onNotificationPosted Id:2131296572 key:0|com.github.kr328.clash|2131296572|null|10290 PackageName:com.github.kr328.clash IsOngoing:true PostTime:1786787976892 currentDeviceModel.connected: true
08-15 17:59:37.128 E/HwcComposer( 1409): presentOrValidateDisplay 0 presentFence:-1
08-15 17:59:37.128 I/NotifySyncService_6737_8961( 6737): onNotificationPosted Id:2131296572 , appName : Clash for Android
08-15 17:59:37.128 D/AlarmScheduler-TIMEOUT( 3472): addAlarm, key=0|com.github.kr328.clash|2131296572|null|10290, triggerTime=318458910
08-15 17:59:37.128 D/MiuiBubbleManager( 3472): onEntryUpdated: com.android.systemui.statusbar.notification.collection.NotificationEntry@a78772e App
08-15 17:59:37.129 I/MiuiBubbleSettings( 3472): com.github.kr328.clash 0isAppEnableBubbleNotification: false
08-15 17:59:37.129 I/NotifySyncService_6737_8961( 6737): isFlagNoClearNotification flag = 106
08-15 17:59:37.130 I/NotifySyncService_6737_8961( 6737):  isOngoing = true isIncomingCall = false
08-15 17:59:37.131 I/NotifyLogUtils_6737_29991( 6737): isIgnoringBatteryOptimizations false
08-15 17:59:37.132 D/backgroundBlur( 3472): setSelfColorModes has setted com.android.systemui.statusbar.StatusBarIconView hashcode 208218531
08-15 17:59:37.137 E/HwcComposer( 1409): presentOrValidateDisplay 0 presentFence:-1
08-15 17:59:37.146 E/HfLooper( 1284): sensor screen_down in hal data=1,1
08-15 17:59:37.146 I/MiSensorServiceImpl( 2156): user found in check list, getPackageName  android.view.OrientationEventListener
08-15 17:59:37.147 D/EmptyNotif( 3472): setContractedChild: 0|com.github.kr328.clash|2131296572|null|10290  null
08-15 17:59:37.147 D/NotificationRowContentBinderInjectorImpl( 3472): changeToFullAodContext: not need change full aod style
08-15 17:59:37.148 D/backgroundBlur( 3472): setSelfColorModes has setted com.android.systemui.statusbar.StatusBarIconView hashcode 222684674
08-15 17:59:37.148 D/backgroundBlur( 3472): setSelfColorModes has setted com.android.systemui.statusbar.StatusBarIconView hashcode 208218531
08-15 17:59:37.156 D/backgroundBlur( 3472): setSelfColorModes has setted com.android.systemui.statusbar.StatusBarIconView hashcode 208218531
08-15 17:59:37.157 D/NotificationHeaderExpandController( 3472): onExpansionChanged: progress =  0.0
08-15 17:59:37.161 D/AlertCoordinator( 3472): onViewBound, buzzBeep for 0|com.github.kr328.clash|2131296572|null|10290
08-15 17:59:37.163 E/Java_Reflection( 2156): null
08-15 17:59:37.163 E/Java_Reflection( 2156): java.lang.reflect.InvocationTargetException
08-15 17:59:37.163 E/Java_Reflection( 2156): 	at java.lang.reflect.Method.invoke(Native Method)
08-15 17:59:37.163 E/Java_Reflection( 2156): 	at com.xiaomi.reflect.RefMethod.invoke(RefMethod.java:78)
08-15 17:59:37.163 E/Java_Reflection( 2156): 	at com.android.server.notification.NotificationManagerServiceImpl.buzzBeepBlinkForNotification(NotificationManagerServiceImpl.java:258)
08-15 17:59:37.163 E/Java_Reflection( 2156): 	at com.android.server.notification.NotificationManagerService$12.buzzBeepBlinkForNotification(NotificationManagerService.java:7498)
08-15 17:59:37.163 E/Java_Reflection( 2156): 	at android.app.INotificationManager$Stub.onTransact(INotificationManager.java:3342)
08-15 17:59:37.163 E/Java_Reflection( 2156): 	at android.os.Binder.execTransactInternal(Binder.java:1433)
08-15 17:59:37.163 E/Java_Reflection( 2156): 	at android.os.Binder.execTransact(Binder.java:1372)
08-15 17:59:37.163 E/Java_Reflection( 2156): Caused by: java.lang.SecurityException: Disallowed call for uid 10210
08-15 17:59:37.163 E/Java_Reflection( 2156): 	at com.android.server.notification.NotificationManagerService.checkCallerIsSystem(NotificationManagerService.java:12267)
08-15 17:59:37.163 E/Java_Reflection( 2156): 	... 7 more
08-15 17:59:37.164 D/backgroundBlur( 3472): setSelfColorModes has setted com.android.systemui.statusbar.StatusBarIconView hashcode 222684674
08-15 17:59:37.165 D/backgroundBlur( 3472): setSelfColorModes has setted com.android.systemui.statusbar.StatusBarIconView hashcode 208218531
08-15 17:59:37.166 I/MiSensorServiceImpl( 2156): user found in check list, getPackageName  android.view.OrientationEventListener
08-15 17:59:37.174 I/fitness_6737_14163( 6737): [IncrementalSyncController] pushFitnessData(steps)(medical-false): hasPhoneData=false, hasDeviceData=true, hasDeleteData=false
08-15 17:59:37.179 D/backgroundBlur( 3472): setSelfColorModes has setted com.android.systemui.statusbar.StatusBarIconView hashcode 208218531
08-15 17:59:37.179 I/NetworkAccelerateSwitchService( 2156): EVENT_RSSI_POLL. mRssiPoll=true
08-15 17:59:37.180 D/WifiHAL ( 2962): WifiRequest::create vendor command to iface 37, vendor_id=0x1a11, subcmd=0x1200, res=0
08-15 17:59:37.181 D/backgroundBlur( 3472): setSelfColorModes has setted com.android.systemui.statusbar.StatusBarIconView hashcode 208218531
08-15 17:59:37.186 E/HfLooper( 1284): sensor screen_down in hal data=1,1
08-15 17:59:37.186 I/MiSensorServiceImpl( 2156): user found in check list, getPackageName  android.view.OrientationEventListener
08-15 17:59:37.189 D/backgroundBlur( 3472): setSelfColorModes has setted com.android.systemui.statusbar.StatusBarIconView hashcode 208218531
08-15 17:59:37.197 D/backgroundBlur( 3472): setSelfColorModes has setted com.android.systemui.statusbar.StatusBarIconView hashcode 208218531
08-15 17:59:37.203 I/WifiHAL ( 2962): LLS RSP: data=0xb40000792680a660, len=4340
08-15 17:59:37.203 I/WifiHAL ( 2962): LLS check_data_sanity: 1829: current_radio_stat->num_channels=13
08-15 17:59:37.203 I/WifiHAL ( 2962): LLS check_data_sanity: 1829: current_radio_stat->num_channels=13
08-15 17:59:37.203 I/WifiHAL ( 2962): LLS check_data_sanity: confirmed_size=4340, len=4340
08-15 17:59:37.204 I/NetworkAccelerateSwitchService( 2156): checkWifiRssiAndLinkSpeed rssi:59
08-15 17:59:37.204 I/NetworkAccelerateSwitchService( 2156): checkWifiRssiAndLinkSpeed mWifiFastFade:false mWifiFastFadeAdjustThreshold:false
08-15 17:59:37.204 I/NetworkAccelerateSwitchService( 2156): getAverageWifiRssi:59
08-15 17:59:37.204 D/NetworkAccelerateSwitchService( 2156): checkIntervalModeChange mMovementState:false mIntervalMode:0 mIsBadLinkLayerQoE:false mBadLinkLayerQoETimes = 0
08-15 17:59:37.206 I/MiSensorServiceImpl( 2156): user found in check list, getPackageName  android.view.OrientationEventListener
08-15 17:59:37.206 D/backgroundBlur( 3472): setSelfColorModes has setted com.android.systemui.statusbar.StatusBarIconView hashcode 208218531
08-15 17:59:37.206 D/NotificationHeaderExpandController( 3472): onExpansionChanged: progress =  0.0
08-15 17:59:37.207 D/NotificationHeaderExpandController( 3472): onExpansionChanged: progress =  0.0
08-15 17:59:37.208 D/IIslandMonitor( 3472): onIslandStatusChanged: rect = Rect(468, 30 - 812, 138) tx = 170 requestLayout = false  from = Notification container 
08-15 17:59:37.208 W/View    ( 3472): requestLayout() improperly called by com.android.systemui.statusbar.phone.NotificationIconContainer{936c1a V.E...... ......I. 0,0-116,94 #7f0b0877 app:id/notificationIcons} { overrideIconColor=false, maxIcons=1, isStaticLayout=true, themedTextColorPrimary=#ff171d1e } during layout: running second layout pass
08-15 17:59:37.208 D/NotificationHeaderExpandController( 3472): onExpansionChanged: progress =  0.0
08-15 17:59:37.210 D/IIslandMonitor( 3472): onIslandStatusChanged: rect = Rect(468, 30 - 812, 138) tx = 170 requestLayout = false  from = Notification container 
08-15 17:59:37.210 W/View    ( 3472): requestLayout() improperly called by com.android.systemui.statusbar.phone.NotificationIconContainer{b9d39f8 V.E...... ......ID 0,0-116,94 #7f0b0877 app:id/notificationIcons} { overrideIconColor=false, maxIcons=1, isStaticLayout=true, themedTextColorPrimary=#ff171d1e } during layout: running second layout pass
08-15 17:59:37.222 D/backgroundBlur( 3472): setSelfColorModes has setted com.android.systemui.statusbar.StatusBarIconView hashcode 208218531
08-15 17:59:37.226 I/MiSensorServiceImpl( 2156): user found in check list, getPackageName  android.view.OrientationEventListener
08-15 17:59:37.227 E/HfLooper( 1284): sensor screen_down in hal data=1,1
08-15 17:59:37.231 D/backgroundBlur( 3472): setSelfColorModes has setted com.android.systemui.statusbar.StatusBarIconView hashcode 208218531
08-15 17:59:37.245 I/fitness_6737_14163( 6737): [IncrementalSyncController] pushFitnessData(dynamic)(medical-false): hasPhoneData=false, hasDeviceData=false, hasDeleteData=false
08-15 17:59:37.246 I/MiSensorServiceImpl( 2156): user found in check list, getPackageName  android.view.OrientationEventListener
08-15 17:59:37.247 D/WifiHAL ( 2962): WifiRequest::create vendor command to iface 37, vendor_id=0x1a11, subcmd=0x1200, res=0
08-15 17:59:37.247 D/backgroundBlur( 3472): setSelfColorModes has setted com.android.systemui.statusbar.StatusBarIconView hashcode 208218531
08-15 17:59:37.248 D/NotificationIconContainerInject( 3472): remove: finish remove notification animation for cancel = false
08-15 17:59:37.253 I/android.hardware.graphics.composer@3.3-service( 1269): Sensor: notify citsensorservice to trigger cwb
08-15 17:59:37.253 I/libsensor-frameBufferManager( 1778): request dump start
08-15 17:59:37.253 D/libcomposer_ext( 1778): ClientImplAidl::getDispDumpEnable()
08-15 17:59:37.253 D/libcomposer_ext( 1269): DeviceImplAidl::syncPerform(13), client_handle: 2
08-15 17:59:37.253 D/libcomposer_ext( 1269): DeviceImplAidl::DeviceClientContextAidl::ParseGetDispDumpEnable()
08-15 17:59:37.253 I/hwcomposer( 1269): [HWC] getDispDumpEnable(), client(2), dpy 1, enable 1, (0,0,160,220), (160, 220), 3  
08-15 17:59:37.253 I/hwcomposer( 1269): [DRMDEV] isSupportWbParams(), id_crtc 116, id_connector 34, dump_point 0, src(0, 0, 160, 220), dst(160, 220), config 2  
08-15 17:59:37.253 I/hwcomposer( 1269): [DISP_DUMP] setEnable(), client(2), dpy(0), enable 1/0, src(0, 0, 160, 220), dst(160, 220), fmt 0x3  
08-15 17:59:37.253 I/hwcomposer( 1269): [HWC] getDispDumpEnable(), register to client callback with client(2), disp(0)  
08-15 17:59:37.254 E/libsensor-frameBufferManager( 1778): frameBufferManager_sensor_debug : first_time getDispDump Enable ret = 0
08-15 17:59:37.254 D/libcomposer_ext( 1778): ClientImplAidl::getDispDump(), dpy 1, dst (160, 220), dump_point 2, release_fence -1
08-15 17:59:37.254 D/libcomposer_ext( 1269): DeviceImplAidl::syncPerform(14), client_handle: 2
08-15 17:59:37.254 D/libcomposer_ext( 1269): DeviceImplAidl::DeviceClientContextAidl::ParseGetDispDump()
08-15 17:59:37.254 D/libcomposer_ext( 1269): DeviceImplAidl::ParseGetDispDump(), dpy 1, dst (160, 220), dump_point 2
08-15 17:59:37.254 I/hwcomposer( 1269): [HWC] getDispDump(), client(2), dpy 1, (686,2,846,222), (160, 220), (2, 2), (-1), (-1), (0xb400007c738aa710)  
08-15 17:59:37.254 I/hwcomposer( 1269): [DRMDEV] isSupportWbParams(), id_crtc 116, id_connector 34, dump_point 2, src(686, 2, 160, 220), dst(160, 220), config 2  
08-15 17:59:37.254 I/hwcomposer( 1269): [DISP_DUMP] setDumpBuf(), client(2), dpy(0), src(686, 2, 846, 222), dst(160, 220), (2, 2), -1, (-1), (0xb400007c738aa710)  
08-15 17:59:37.254 I/hwcomposer( 1269): [HWC] (0)fire a callback of refresh to SF[9]  
08-15 17:59:37.258 E/libsensor-displayalgo( 1778): Write:the value of channelCali ALS:448.2,IR:37.0,scales:0.803213, hsv: -1.000000
08-15 17:59:37.259 E/libsensor-displayalgo( 1778): Write:the value of channelCali ALS:6419.8,IR:3970.0,scales:0.803213, coef: 0.469000 0.995423 0.000000 84.785360 1.124000 -0.511000 56.192000 409.113177
08-15 17:59:37.260 D/libsensor-displayalgo( 1778): brightness:829.000000,flat_mode:0.000000,R1:44.328022,G1:46.718275,B1:61.622774,R2:831.864568,G2:836.356290,B2:831.908365,R3:409.183861,G3:411.471576,B3:409.113177,R4:113.093885,G4:114.333942,B4:119.077236,EVENT ALS:6868.000000,IR:4007.000000, lux: 36.581326 
08-15 17:59:37.261 E/HwcComposer( 1409): presentOrValidateDisplay 0 presentFence:-1
08-15 17:59:37.261 D/libcomposer_ext( 1269): DeviceImplAidl::DeviceClientContextAidl::NotifyDispDumpReady(), client_handle:2, buffer:0xb400007c738abd90, fence:177, period8333333
08-15 17:59:37.261 D/libcomposer_ext( 1778): ClientCallbackAidl::asyncPerform(15)
08-15 17:59:37.261 D/libcomposer_ext( 1778): ClientImplAidl::ParseNotifyDispDumpReady()
08-15 17:59:37.262 I/WifiHAL ( 2962): LLS RSP: data=0xb40000792680a660, len=4340
08-15 17:59:37.262 I/WifiHAL ( 2962): LLS check_data_sanity: 1829: current_radio_stat->num_channels=13
08-15 17:59:37.262 I/WifiHAL ( 2962): LLS check_data_sanity: 1829: current_radio_stat->num_channels=13
08-15 17:59:37.262 I/WifiHAL ( 2962): LLS check_data_sanity: confirmed_size=4340, len=4340
08-15 17:59:37.264 D/MiuiWifiCommonBase( 2156): band: 1, compensate: 0
08-15 17:59:37.264 D/backgroundBlur( 3472): setSelfColorModes has setted com.android.systemui.statusbar.StatusBarIconView hashcode 208218531
08-15 17:59:37.266 E/HfLooper( 1284): sensor screen_down in hal data=1,1
08-15 17:59:37.266 I/MiSensorServiceImpl( 2156): user found in check list, getPackageName  android.view.OrientationEventListener
08-15 17:59:37.277 D/libcomposer_ext( 1778): ClientImplAidl::getDispDumpEnable()
08-15 17:59:37.278 D/libcomposer_ext( 1269): DeviceImplAidl::syncPerform(13), client_handle: 2
08-15 17:59:37.278 D/libcomposer_ext( 1269): DeviceImplAidl::DeviceClientContextAidl::ParseGetDispDumpEnable()
08-15 17:59:37.278 I/hwcomposer( 1269): [HWC] getDispDumpEnable(), client(2), dpy 1, enable 0, (0,0,160,220), (160, 220), 3  
08-15 17:59:37.278 I/hwcomposer( 1269): [DISP_DUMP] setEnable(), client(2), dpy(0), enable 0/1, src(0, 0, 160, 220), dst(160, 220), fmt 0x3  
08-15 17:59:37.278 I/hwcomposer( 1269): [HWC] getDispDumpEnable(), register to client callback with client(2), disp(0)  
08-15 17:59:37.278 E/libsensor-frameBufferManager( 1778): frameBufferManager_sensor_debug : getDispDump_Disable ret = 0
08-15 17:59:37.278 E/libsensor-parseRGB( 1778): x := 686, y = 2, width = 160, height = 220, Bpp = 3
08-15 17:59:37.279 D/libsensor-parseRGB( 1778): the value of RGB [14.023742 14.546192 17.640183], powPara: 1.435810
08-15 17:59:37.286 I/MiSensorServiceImpl( 2156): user found in check list, getPackageName  android.view.OrientationEventListener
08-15 17:59:37.288 D/AmlWifiScoreReportInjector( 2156): isMobileDataSignalPoor rat= 0
08-15 17:59:37.290 D/backgroundBlur( 3472): setSelfColorModes has setted com.android.systemui.statusbar.StatusBarIconView hashcode 208218531
08-15 17:59:37.306 I/MiSensorServiceImpl( 2156): user found in check list, getPackageName  android.view.OrientationEventListener
08-15 17:59:37.307 E/HfLooper( 1284): sensor screen_down in hal data=1,1
08-15 17:59:37.321 D/JavaheapMonitor(18090): Java heap used=21M max=256M, proc: com.miui.securitycenter:ui
08-15 17:59:37.326 I/MiSensorServiceImpl( 2156): user found in check list, getPackageName  android.view.OrientationEventListener
08-15 17:59:37.326 V/JavaheapMonitor(18090): Check java heap usage finished! Next check delay: 300000
08-15 17:59:37.331 D/backgroundBlur( 3472): setSelfColorModes has setted com.android.systemui.statusbar.StatusBarIconView hashcode 208218531
08-15 17:59:37.346 E/HfLooper( 1284): sensor screen_down in hal data=1,1
08-15 17:59:37.346 I/MiSensorServiceImpl( 2156): user found in check list, getPackageName  android.view.OrientationEventListener
08-15 17:59:37.347 D/backgroundBlur( 3472): setSelfBlurRadius radius(0) com.android.systemui.statusbar.StatusBarIconView hashcode 208218531
08-15 17:59:37.348 D/backgroundBlur( 3472): setSelfColorModes has setted com.android.systemui.statusbar.StatusBarIconView hashcode 208218531
08-15 17:59:37.366 I/MiSensorServiceImpl( 2156): user found in check list, getPackageName  android.view.OrientationEventListener
08-15 17:59:37.386 E/HfLooper( 1284): sensor screen_down in hal data=1,1
08-15 17:59:37.387 I/MiSensorServiceImpl( 2156): user found in check list, getPackageName  android.view.OrientationEventListener
08-15 17:59:37.406 I/MiSensorServiceImpl( 2156): user found in check list, getPackageName  android.view.OrientationEventListener
08-15 17:59:37.422 I/Lyricon ( 3472): [HdrStatusBarController] === FRAME #1482001 === vri=android.view.ViewRootImpl@39626f field=public final android.view.WindowManager$LayoutParams android.view.ViewRootImpl.mWindowAttributes isEnabled=false rootSurfaceTransaction=true lpType=2041 cm=0 ratio=1.5 surface=Surface(name=StatusBar1#126)/@0x97182c0 valid=true
08-15 17:59:37.425 I/MiSensorServiceImpl( 2156): user found in check list, getPackageName  android.view.OrientationEventListener
08-15 17:59:37.427 E/HfLooper( 1284): sensor screen_down in hal data=1,1
08-15 17:59:37.443 D/ControlCenterHeaderExpandController( 3472): onExpansionChanged: progress =  0.0
08-15 17:59:37.445 D/ControlCenterHeaderExpandController( 3472): onExpansionChanged: progress =  0.0
08-15 17:59:37.445 D/DynamicIslandWindowViewController( 3472): handleDynamicIsland: action_avoid_screen_burn_in_tran
08-15 17:59:37.446 I/MiSensorServiceImpl( 2156): user found in check list, getPackageName  android.view.OrientationEventListener
08-15 17:59:37.453 D/AvoidScreenBurnInHelper( 3472):  flow screenBurnInStrategy  2 
08-15 17:59:37.458 I/BufferQueueProducer( 1409): [StatusBar#122](this:0xb4000077dc4c7790,id:-1,api:0,p:-1,c:1409) queueBuffer: fps=3.24 dur=1236.31 max=522.89 min=174.36
08-15 17:59:37.458 E/libsensor-displayalgo( 1778): Write:the value of channelCali ALS:448.2,IR:37.0,scales:0.803213, hsv: -1.000000
08-15 17:59:37.458 E/libsensor-displayalgo( 1778): Write:the value of channelCali ALS:6424.8,IR:3968.0,scales:0.803213, coef: 0.469000 0.995423 0.000000 84.785360 1.124000 -0.511000 56.192000 409.113177
08-15 17:59:37.458 D/libsensor-displayalgo( 1778): brightness:829.000000,flat_mode:0.000000,R1:44.328022,G1:46.718275,B1:61.622774,R2:831.864568,G2:836.356290,B2:831.908365,R3:409.183861,G3:411.471576,B3:409.113177,R4:113.093885,G4:114.333942,B4:119.077236,EVENT ALS:6873.000000,IR:4005.000000, lux: 36.628166 
08-15 17:59:37.460 I/android.hardware.graphics.composer@3.3-service( 1269): Sensor: notify citsensorservice to trigger cwb
08-15 17:59:37.460 I/libsensor-frameBufferManager( 1778): request dump start
08-15 17:59:37.460 D/libcomposer_ext( 1778): ClientImplAidl::getDispDumpEnable()
08-15 17:59:37.460 D/libcomposer_ext( 1269): DeviceImplAidl::syncPerform(13), client_handle: 2
08-15 17:59:37.460 D/libcomposer_ext( 1269): DeviceImplAidl::DeviceClientContextAidl::ParseGetDispDumpEnable()
08-15 17:59:37.460 I/hwcomposer( 1269): [HWC] getDispDumpEnable(), client(2), dpy 1, enable 1, (0,0,160,220), (160, 220), 3  
08-15 17:59:37.461 I/hwcomposer( 1269): [DRMDEV] isSupportWbParams(), id_crtc 116, id_connector 34, dump_point 0, src(0, 0, 160, 220), dst(160, 220), config 2  
08-15 17:59:37.461 I/hwcomposer( 1269): [DISP_DUMP] setEnable(), client(2), dpy(0), enable 1/0, src(0, 0, 160, 220), dst(160, 220), fmt 0x3  
08-15 17:59:37.461 I/hwcomposer( 1269): [HWC] getDispDumpEnable(), register to client callback with client(2), disp(0)  
08-15 17:59:37.461 E/libsensor-frameBufferManager( 1778): frameBufferManager_sensor_debug : first_time getDispDump Enable ret = 0
08-15 17:59:37.461 D/libcomposer_ext( 1778): ClientImplAidl::getDispDump(), dpy 1, dst (160, 220), dump_point 2, release_fence -1
08-15 17:59:37.461 D/libcomposer_ext( 1269): DeviceImplAidl::syncPerform(14), client_handle: 2
08-15 17:59:37.461 D/libcomposer_ext( 1269): DeviceImplAidl::DeviceClientContextAidl::ParseGetDispDump()
08-15 17:59:37.461 D/libcomposer_ext( 1269): DeviceImplAidl::ParseGetDispDump(), dpy 1, dst (160, 220), dump_point 2
08-15 17:59:37.461 I/hwcomposer( 1269): [HWC] getDispDump(), client(2), dpy 1, (686,2,846,222), (160, 220), (2, 2), (-1), (-1), (0xb400007c738ab7f0)  
08-15 17:59:37.461 I/hwcomposer( 1269): [DRMDEV] isSupportWbParams(), id_crtc 116, id_connector 34, dump_point 2, src(686, 2, 160, 220), dst(160, 220), config 2  
08-15 17:59:37.461 I/hwcomposer( 1269): [DISP_DUMP] setDumpBuf(), client(2), dpy(0), src(686, 2, 846, 222), dst(160, 220), (2, 2), -1, (-1), (0xb400007c738ab7f0)  
08-15 17:59:37.461 I/hwcomposer( 1269): [HWC] (0)fire a callback of refresh to SF[9]  
08-15 17:59:37.465 E/HfLooper( 1284): sensor screen_down in hal data=1,1
08-15 17:59:37.466 I/MiSensorServiceImpl( 2156): user found in check list, getPackageName  android.view.OrientationEventListener
08-15 17:59:37.468 E/HwcComposer( 1409): presentOrValidateDisplay 0 presentFence:-1
08-15 17:59:37.469 D/libcomposer_ext( 1269): DeviceImplAidl::DeviceClientContextAidl::NotifyDispDumpReady(), client_handle:2, buffer:0xb400007c738aa710, fence:171, period8333333
08-15 17:59:37.469 D/libcomposer_ext( 1778): ClientCallbackAidl::asyncPerform(15)
08-15 17:59:37.469 D/libcomposer_ext( 1778): ClientImplAidl::ParseNotifyDispDumpReady()
08-15 17:59:37.475 I/BufferQueueProducer( 1409): [DynamicIslandWindow#17810](this:0xb4000077dc5a8700,id:-1,api:0,p:-1,c:1409) queueBuffer: fps=0.51 dur=1943.10 max=1943.10 min=1943.10
08-15 17:59:37.477 E/HwcComposer( 1409): presentOrValidateDisplay 0 presentFence:-1
08-15 17:59:37.484 I/app_process(14132): hook_module_exit libgui_unisoc_utils.so over, handle:0x0
08-15 17:59:37.485 W/RefBase (14132): RefBase: Explicit destruction, weak count = 0 (in 0x7565041d48). Use sp<> to manage this object. Note - if weak count is 0, this leaks mRefs (weakref_impl).
08-15 17:59:37.486 I/MiSensorServiceImpl( 2156): user found in check list, getPackageName  android.view.OrientationEventListener
08-15 17:59:37.486 D/libcomposer_ext( 1778): ClientImplAidl::getDispDumpEnable()
08-15 17:59:37.486 D/libcomposer_ext( 1269): DeviceImplAidl::syncPerform(13), client_handle: 2
08-15 17:59:37.486 D/libcomposer_ext( 1269): DeviceImplAidl::DeviceClientContextAidl::ParseGetDispDumpEnable()
08-15 17:59:37.486 I/hwcomposer( 1269): [HWC] getDispDumpEnable(), client(2), dpy 1, enable 0, (0,0,160,220), (160, 220), 3  
08-15 17:59:37.486 I/hwcomposer( 1269): [DISP_DUMP] setEnable(), client(2), dpy(0), enable 0/1, src(0, 0, 160, 220), dst(160, 220), fmt 0x3  
08-15 17:59:37.486 I/hwcomposer( 1269): [HWC] getDispDumpEnable(), register to client callback with client(2), disp(0)  
08-15 17:59:37.486 E/libsensor-frameBufferManager( 1778): frameBufferManager_sensor_debug : getDispDump_Disable ret = 0
08-15 17:59:37.486 E/libsensor-parseRGB( 1778): x := 686, y = 2, width = 160, height = 220, Bpp = 3
08-15 17:59:37.487 D/libsensor-parseRGB( 1778): the value of RGB [14.023742 14.546192 17.640183], powPara: 1.435810
08-15 17:59:37.496 D/RefBase (14132):   #00 pc 0000000000073b50  /apex/com.android.runtime/lib64/bionic/libc.so (__cxa_finalize+224) (BuildId: 9511d9cb89af590535458e21a5811d1a)
08-15 17:59:37.496 D/RefBase (14132):   #01 pc 0000000000078a64  /apex/com.android.runtime/lib64/bionic/libc.so (exit+36) (BuildId: 9511d9cb89af590535458e21a5811d1a)
08-15 17:59:37.496 D/RefBase (14132):   #02 pc 000000000006c1ac  /apex/com.android.runtime/lib64/bionic/libc.so (__libc_init+124) (BuildId: 9511d9cb89af590535458e21a5811d1a)
08-15 17:59:37.498 I/Account_6737_14183( 6737): First request
08-15 17:59:37.498 I/XiaomiFit_6737_14183( 6737): Remote is connected, then get token
08-15 17:59:37.500 I/Account_6737_14183( 6737): getToken: mAccessTokens[miothealth] is MiAccessToken()
08-15 17:59:37.500 I/Account_6737_14183( 6737): refreshToken is false, re-fetch cookie for /app/v1/data/up_fitness_data
08-15 17:59:37.501 I/baronqi_6737_14183( 6737): intercept() called with: secret SecretData(encryptResponse=true, pathPrefix=, filterSignatureKeys=[data], sid=, loginPolicy=2)
08-15 17:59:37.501 I/XiaomiFit_6737_14183( 6737): Remote is connected, then get token
08-15 17:59:37.501 I/Account_6737_14183( 6737): getToken: mAccessTokens[miothealth] is MiAccessToken()
08-15 17:59:37.501 I/baronqi_6737_14183( 6737): intercept() called with: nonce mjKoDhEkEIsBxmdX, POST
08-15 17:59:37.506 I/MiSensorServiceImpl( 2156): user found in check list, getPackageName  android.view.OrientationEventListener
08-15 17:59:37.507 E/HfLooper( 1284): sensor screen_down in hal data=1,1
08-15 17:59:37.514 D/ControlCenterHeaderExpandController( 3472): onExpansionChanged: progress =  0.0
08-15 17:59:37.514 D/ControlCenterHeaderExpandController( 3472): onExpansionChanged: progress =  0.0
08-15 17:59:37.523 D/ControlCenterHeaderExpandController( 3472): onExpansionChanged: progress =  0.0
08-15 17:59:37.525 I/MiSensorServiceImpl( 2156): user found in check list, getPackageName  android.view.OrientationEventListener
08-15 17:59:37.545 E/HfLooper( 1284): sensor screen_down in hal data=1,1
08-15 17:59:37.546 I/MiSensorServiceImpl( 2156): user found in check list, getPackageName  android.view.OrientationEventListener
08-15 17:59:37.565 I/MiSensorServiceImpl( 2156): user found in check list, getPackageName  android.view.OrientationEventListener
08-15 17:59:37.585 E/HfLooper( 1284): sensor screen_down in hal data=1,1
08-15 17:59:37.586 I/MiSensorServiceImpl( 2156): user found in check list, getPackageName  android.view.OrientationEventListener
08-15 17:59:37.600 D/JavaheapMonitor( 4458): Java heap used=9M max=256M, proc: com.xiaomi.bluetooth
08-15 17:59:37.600 V/JavaheapMonitor( 4458): Check java heap usage finished! Next check delay: 300000
08-15 17:59:37.601 I/adbd    ( 5147): in ShellService: export ANDROID_LOG_TAGS=''; exec logcat '-d' '-v' 'time' '-t' '500'
08-15 17:59:37.605 I/MiSensorServiceImpl( 2156): user found in check list, getPackageName  android.view.OrientationEventListener
08-15 17:59:37.625 I/MiSensorServiceImpl( 2156): user found in check list, getPackageName  android.view.OrientationEventListener
08-15 17:59:37.626 E/HfLooper( 1284): sensor screen_down in hal data=1,1
